[33mÔØ»[39m Building...
[32mÔ£ö[39m Building...
[1mInitial chunk files[22m                      [2m | [22m[1mNames[22m                                 [2m | [22m [1mRaw size[22m
[32mchunk-43HVI2Y7.js[39m                        [2m | [22m[2m-[22m                                     [2m | [22m  [36m1.13 MB[39m[2m | [22m
[32mchunk-JWEAP3Q6.js[39m                        [2m | [22m[2m-[22m                                     [2m | [22m  [36m1.07 MB[39m[2m | [22m
[32mpolyfills.js[39m                             [2m | [22m[2mpolyfills[22m                             [2m | [22m  [36m1.03 MB[39m[2m | [22m
[32mchunk-3TN4FSSM.js[39m                        [2m | [22m[2m-[22m                                     [2m | [22m[36m308.53 kB[39m[2m | [22m
[32mchunk-4UV63EGI.js[39m                        [2m | [22m[2m-[22m                                     [2m | [22m[36m243.12 kB[39m[2m | [22m
[32mspec-datepicker.component.spec.js[39m        [2m | [22m[2mspec-datepicker.component.spec[22m        [2m | [22m[36m229.45 kB[39m[2m | [22m
[32mchunk-HPWNCELR.js[39m                        [2m | [22m[2m-[22m                                     [2m | [22m[36m193.44 kB[39m[2m | [22m
[32mchunk-NFOA2U2O.js[39m                        [2m | [22m[2m-[22m                                     [2m | [22m[36m143.30 kB[39m[2m | [22m
[32mchunk-ZNYL54I5.js[39m                        [2m | [22m[2m-[22m                                     [2m | [22m[36m112.36 kB[39m[2m | [22m
[32mspec-multi-select.component.spec.js[39m      [2m | [22m[2mspec-multi-select.component.spec[22m      [2m | [22m[36m104.92 kB[39m[2m | [22m
[32mchunk-YEGC4LDH.js[39m                        [2m | [22m[2m-[22m                                     [2m | [22m [36m96.32 kB[39m[2m | [22m
[32mchunk-G4D44K3R.js[39m                        [2m | [22m[2m-[22m                                     [2m | [22m [36m88.62 kB[39m[2m | [22m
[32mchunk-PGUSKX2L.js[39m                        [2m | [22m[2m-[22m                                     [2m | [22m [36m84.78 kB[39m[2m | [22m
[32mspec-useTranslatedForm.spec.js[39m           [2m | [22m[2mspec-useTranslatedForm.spec[22m           [2m | [22m [36m81.44 kB[39m[2m | [22m
[32mspec-password.component.spec.js[39m          [2m | [22m[2mspec-password.component.spec[22m          [2m | [22m [36m80.64 kB[39m[2m | [22m
[32mspec-number-input.component.spec.js[39m      [2m | [22m[2mspec-number-input.component.spec[22m      [2m | [22m [36m74.48 kB[39m[2m | [22m
[32mjasmine-cleanup-1.js[39m                     [2m | [22m[2mjasmine-cleanup-1[22m                     [2m | [22m [36m67.20 kB[39m[2m | [22m
[32mspec-autocomplete.component.spec.js[39m      [2m | [22m[2mspec-autocomplete.component.spec[22m      [2m | [22m [36m52.46 kB[39m[2m | [22m
[32mspec-translation-cache.service.spec.js[39m   [2m | [22m[2mspec-translation-cache.service.spec[22m   [2m | [22m [36m47.51 kB[39m[2m | [22m
[32mchunk-A2R7NPJF.js[39m                        [2m | [22m[2m-[22m                                     [2m | [22m [36m45.21 kB[39m[2m | [22m
[32mspec-users.api.service.spec.js[39m           [2m | [22m[2mspec-users.api.service.spec[22m           [2m | [22m [36m42.68 kB[39m[2m | [22m
[32mchunk-7BZP5N5T.js[39m                        [2m | [22m[2m-[22m                                     [2m | [22m [36m40.57 kB[39m[2m | [22m
[32mspec-form-validator.service.spec.js[39m      [2m | [22m[2mspec-form-validator.service.spec[22m      [2m | [22m [36m37.66 kB[39m[2m | [22m
[32mspec-input.component.spec.js[39m             [2m | [22m[2mspec-input.component.spec[22m             [2m | [22m [36m34.58 kB[39m[2m | [22m
[32mspec-textarea.component.spec.js[39m          [2m | [22m[2mspec-textarea.component.spec[22m          [2m | [22m [36m33.76 kB[39m[2m | [22m
[32mspec-input-button.component.spec.js[39m      [2m | [22m[2mspec-input-button.component.spec[22m      [2m | [22m [36m31.78 kB[39m[2m | [22m
[32mspec-radio.component.spec.js[39m             [2m | [22m[2mspec-radio.component.spec[22m             [2m | [22m [36m29.21 kB[39m[2m | [22m
[32mspec-input-view.component.spec.js[39m        [2m | [22m[2mspec-input-view.component.spec[22m        [2m | [22m [36m29.06 kB[39m[2m | [22m
[32mspec-check-username.validator.spec.js[39m    [2m | [22m[2mspec-check-username.validator.spec[22m    [2m | [22m [36m28.31 kB[39m[2m | [22m
[32mspec-checkbox.component.spec.js[39m          [2m | [22m[2mspec-checkbox.component.spec[22m          [2m | [22m [36m26.57 kB[39m[2m | [22m
[32mspec-check-email.validator.spec.js[39m       [2m | [22m[2mspec-check-email.validator.spec[22m       [2m | [22m [36m25.95 kB[39m[2m | [22m
[32mspec-confirmation-modal.component.spec.js[39m[2m | [22m[2mspec-confirmation-modal.component.spec[22m[2m | [22m [36m25.30 kB[39m[2m | [22m
[32mspec-select.component.spec.js[39m            [2m | [22m[2mspec-select.component.spec[22m            [2m | [22m [36m24.91 kB[39m[2m | [22m
[32mspec-role.guard.spec.js[39m                  [2m | [22m[2mspec-role.guard.spec[22m                  [2m | [22m [36m24.65 kB[39m[2m | [22m
[32mchunk-3GD3YUJK.js[39m                        [2m | [22m[2m-[22m                                     [2m | [22m [36m24.21 kB[39m[2m | [22m
[32mchunk-VN5F3SJ7.js[39m                        [2m | [22m[2m-[22m                                     [2m | [22m [36m24.05 kB[39m[2m | [22m
[32mspec-toast.component.spec.js[39m             [2m | [22m[2mspec-toast.component.spec[22m             [2m | [22m [36m22.25 kB[39m[2m | [22m
[32mtest_main.js[39m                             [2m | [22m[2mtest_main[22m                             [2m | [22m [36m22.09 kB[39m[2m | [22m
[32mchunk-UHDCOHDE.js[39m                        [2m | [22m[2m-[22m                                     [2m | [22m [36m21.19 kB[39m[2m | [22m
[32mchunk-GLHLRLL4.js[39m                        [2m | [22m[2m-[22m                                     [2m | [22m [36m19.72 kB[39m[2m | [22m
[32mspec-auth-error.interceptor.spec.js[39m      [2m | [22m[2mspec-auth-error.interceptor.spec[22m      [2m | [22m [36m19.01 kB[39m[2m | [22m
[32mchunk-YGXP2SCM.js[39m                        [2m | [22m[2m-[22m                                     [2m | [22m [36m16.84 kB[39m[2m | [22m
[32mspec-createFormFromSchema.spec.js[39m        [2m | [22m[2mspec-createFormFromSchema.spec[22m        [2m | [22m [36m16.02 kB[39m[2m | [22m
[32mspec-auth.service.spec.js[39m                [2m | [22m[2mspec-auth.service.spec[22m                [2m | [22m [36m15.65 kB[39m[2m | [22m
[32mspec-register.api.service.spec.js[39m        [2m | [22m[2mspec-register.api.service.spec[22m        [2m | [22m [36m15.09 kB[39m[2m | [22m
[32mspec-scroll.service.spec.js[39m              [2m | [22m[2mspec-scroll.service.spec[22m              [2m | [22m [36m14.55 kB[39m[2m | [22m
[32mspec-auth.guard.spec.js[39m                  [2m | [22m[2mspec-auth.guard.spec[22m                  [2m | [22m [36m12.26 kB[39m[2m | [22m
[32mchunk-RPM45CIA.js[39m                        [2m | [22m[2m-[22m                                     [2m | [22m [36m11.24 kB[39m[2m | [22m
[32mspec-auth-token.interceptor.spec.js[39m      [2m | [22m[2mspec-auth-token.interceptor.spec[22m      [2m | [22m [36m10.97 kB[39m[2m | [22m
[32mspec-language.interceptor.spec.js[39m        [2m | [22m[2mspec-language.interceptor.spec[22m        [2m | [22m [36m10.05 kB[39m[2m | [22m
[32mspec-guest.guard.spec.js[39m                 [2m | [22m[2mspec-guest.guard.spec[22m                 [2m | [22m  [36m8.85 kB[39m[2m | [22m
[32mspec-initial-navigation.guard.spec.js[39m    [2m | [22m[2mspec-initial-navigation.guard.spec[22m    [2m | [22m  [36m6.95 kB[39m[2m | [22m
[32mspec-wrapper.component.spec.js[39m           [2m | [22m[2mspec-wrapper.component.spec[22m           [2m | [22m  [36m5.86 kB[39m[2m | [22m
[32mspec-confirmation-modal.service.spec.js[39m  [2m | [22m[2mspec-confirmation-modal.service.spec[22m  [2m | [22m  [36m5.60 kB[39m[2m | [22m
[32mchunk-RPNFUKCL.js[39m                        [2m | [22m[2m-[22m                                     [2m | [22m  [36m4.81 kB[39m[2m | [22m
[32mspec-toast.service.spec.js[39m               [2m | [22m[2mspec-toast.service.spec[22m               [2m | [22m  [36m4.07 kB[39m[2m | [22m
[32mchunk-6TRXNEZQ.js[39m                        [2m | [22m[2m-[22m                                     [2m | [22m  [36m3.45 kB[39m[2m | [22m
[32mspec-theme.types.spec.js[39m                 [2m | [22m[2mspec-theme.types.spec[22m                 [2m | [22m  [36m2.02 kB[39m[2m | [22m
[32mchunk-KL6BMZIZ.js[39m                        [2m | [22m[2m-[22m                                     [2m | [22m[36m934 bytes[39m[2m | [22m
[32mstyles.css[39m                               [2m | [22m[2mstyles[22m                                [2m | [22m[36m858 bytes[39m[2m | [22m
[32mjasmine-cleanup-0.js[39m                     [2m | [22m[2mjasmine-cleanup-0[22m                     [2m | [22m[36m519 bytes[39m[2m | [22m

[1m [22m                                        [2m | [22m[1mInitial total[22m                         [2m | [22m  [1m6.03 MB[22m

Application bundle generation complete. [4.795 seconds]

[91m09 09 2025 14:32:35.583:ERROR [reporter]: [39mCan not load reporter "progress kjhtml", it is not registered!
  Perhaps you are missing some plugin?
[32m09 09 2025 14:32:35.675:INFO [karma-server]: [39mKarma v6.4.4 server started at http://localhost:9876/
[32m09 09 2025 14:32:35.676:INFO [launcher]: [39mLaunching browsers ChromeHeadless with concurrency unlimited
[91m09 09 2025 14:32:35.676:ERROR [karma-server]: [39mError: Found 1 load error
    at Server.<anonymous> (D:\_pessoal\_faculdade\trabalho\front-end\node_modules\karma\lib\server.js:243:26)
    at Object.onceWrapper (node:events:638:28)
    at Server.emit (node:events:536:35)
    at emitListeningNT (node:net:1955:10)
    at process.processTicksAndRejections (node:internal/process/task_queues:89:21)
