[33mÔØ»[39m Building...
[32mÔ£ö[39m Building...
[1mInitial chunk files[22m                      [2m | [22m[1mNames[22m                                 [2m | [22m [1mRaw size[22m
[32mchunk-43HVI2Y7.js[39m                        [2m | [22m[2m-[22m                                     [2m | [22m  [36m1.13 MB[39m[2m | [22m
[32mchunk-JWEAP3Q6.js[39m                        [2m | [22m[2m-[22m                                     [2m | [22m  [36m1.07 MB[39m[2m | [22m
[32mpolyfills.js[39m                             [2m | [22m[2mpolyfills[22m                             [2m | [22m  [36m1.03 MB[39m[2m | [22m
[32mchunk-3TN4FSSM.js[39m                        [2m | [22m[2m-[22m                                     [2m | [22m[36m308.53 kB[39m[2m | [22m
[32mchunk-4UV63EGI.js[39m                        [2m | [22m[2m-[22m                                     [2m | [22m[36m243.12 kB[39m[2m | [22m
[32mspec-datepicker.component.spec.js[39m        [2m | [22m[2mspec-datepicker.component.spec[22m        [2m | [22m[36m229.45 kB[39m[2m | [22m
[32mchunk-HPWNCELR.js[39m                        [2m | [22m[2m-[22m                                     [2m | [22m[36m193.44 kB[39m[2m | [22m
[32mchunk-NFOA2U2O.js[39m                        [2m | [22m[2m-[22m                                     [2m | [22m[36m143.30 kB[39m[2m | [22m
[32mchunk-ZNYL54I5.js[39m                        [2m | [22m[2m-[22m                                     [2m | [22m[36m112.36 kB[39m[2m | [22m
[32mspec-multi-select.component.spec.js[39m      [2m | [22m[2mspec-multi-select.component.spec[22m      [2m | [22m[36m104.92 kB[39m[2m | [22m
[32mchunk-YEGC4LDH.js[39m                        [2m | [22m[2m-[22m                                     [2m | [22m [36m96.32 kB[39m[2m | [22m
[32mchunk-G4D44K3R.js[39m                        [2m | [22m[2m-[22m                                     [2m | [22m [36m88.62 kB[39m[2m | [22m
[32mchunk-PGUSKX2L.js[39m                        [2m | [22m[2m-[22m                                     [2m | [22m [36m84.78 kB[39m[2m | [22m
[32mspec-useTranslatedForm.spec.js[39m           [2m | [22m[2mspec-useTranslatedForm.spec[22m           [2m | [22m [36m81.44 kB[39m[2m | [22m
[32mspec-password.component.spec.js[39m          [2m | [22m[2mspec-password.component.spec[22m          [2m | [22m [36m80.64 kB[39m[2m | [22m
[32mspec-number-input.component.spec.js[39m      [2m | [22m[2mspec-number-input.component.spec[22m      [2m | [22m [36m74.48 kB[39m[2m | [22m
[32mjasmine-cleanup-1.js[39m                     [2m | [22m[2mjasmine-cleanup-1[22m                     [2m | [22m [36m67.20 kB[39m[2m | [22m
[32mspec-autocomplete.component.spec.js[39m      [2m | [22m[2mspec-autocomplete.component.spec[22m      [2m | [22m [36m52.46 kB[39m[2m | [22m
[32mspec-translation-cache.service.spec.js[39m   [2m | [22m[2mspec-translation-cache.service.spec[22m   [2m | [22m [36m47.51 kB[39m[2m | [22m
[32mchunk-A2R7NPJF.js[39m                        [2m | [22m[2m-[22m                                     [2m | [22m [36m45.21 kB[39m[2m | [22m
[32mspec-users.api.service.spec.js[39m           [2m | [22m[2mspec-users.api.service.spec[22m           [2m | [22m [36m42.68 kB[39m[2m | [22m
[32mchunk-7BZP5N5T.js[39m                        [2m | [22m[2m-[22m                                     [2m | [22m [36m40.57 kB[39m[2m | [22m
[32mspec-form-validator.service.spec.js[39m      [2m | [22m[2mspec-form-validator.service.spec[22m      [2m | [22m [36m37.66 kB[39m[2m | [22m
[32mspec-input.component.spec.js[39m             [2m | [22m[2mspec-input.component.spec[22m             [2m | [22m [36m34.58 kB[39m[2m | [22m
[32mspec-textarea.component.spec.js[39m          [2m | [22m[2mspec-textarea.component.spec[22m          [2m | [22m [36m33.76 kB[39m[2m | [22m
[32mspec-input-button.component.spec.js[39m      [2m | [22m[2mspec-input-button.component.spec[22m      [2m | [22m [36m31.78 kB[39m[2m | [22m
[32mspec-radio.component.spec.js[39m             [2m | [22m[2mspec-radio.component.spec[22m             [2m | [22m [36m29.21 kB[39m[2m | [22m
[32mspec-input-view.component.spec.js[39m        [2m | [22m[2mspec-input-view.component.spec[22m        [2m | [22m [36m29.06 kB[39m[2m | [22m
[32mspec-check-username.validator.spec.js[39m    [2m | [22m[2mspec-check-username.validator.spec[22m    [2m | [22m [36m28.31 kB[39m[2m | [22m
[32mspec-checkbox.component.spec.js[39m          [2m | [22m[2mspec-checkbox.component.spec[22m          [2m | [22m [36m26.57 kB[39m[2m | [22m
[32mspec-check-email.validator.spec.js[39m       [2m | [22m[2mspec-check-email.validator.spec[22m       [2m | [22m [36m25.95 kB[39m[2m | [22m
[32mspec-confirmation-modal.component.spec.js[39m[2m | [22m[2mspec-confirmation-modal.component.spec[22m[2m | [22m [36m25.30 kB[39m[2m | [22m
[32mspec-select.component.spec.js[39m            [2m | [22m[2mspec-select.component.spec[22m            [2m | [22m [36m24.91 kB[39m[2m | [22m
[32mspec-role.guard.spec.js[39m                  [2m | [22m[2mspec-role.guard.spec[22m                  [2m | [22m [36m24.65 kB[39m[2m | [22m
[32mchunk-3GD3YUJK.js[39m                        [2m | [22m[2m-[22m                                     [2m | [22m [36m24.21 kB[39m[2m | [22m
[32mchunk-VN5F3SJ7.js[39m                        [2m | [22m[2m-[22m                                     [2m | [22m [36m24.05 kB[39m[2m | [22m
[32mspec-toast.component.spec.js[39m             [2m | [22m[2mspec-toast.component.spec[22m             [2m | [22m [36m22.25 kB[39m[2m | [22m
[32mtest_main.js[39m                             [2m | [22m[2mtest_main[22m                             [2m | [22m [36m22.09 kB[39m[2m | [22m
[32mchunk-UHDCOHDE.js[39m                        [2m | [22m[2m-[22m                                     [2m | [22m [36m21.19 kB[39m[2m | [22m
[32mchunk-GLHLRLL4.js[39m                        [2m | [22m[2m-[22m                                     [2m | [22m [36m19.72 kB[39m[2m | [22m
[32mspec-auth-error.interceptor.spec.js[39m      [2m | [22m[2mspec-auth-error.interceptor.spec[22m      [2m | [22m [36m19.01 kB[39m[2m | [22m
[32mchunk-YGXP2SCM.js[39m                        [2m | [22m[2m-[22m                                     [2m | [22m [36m16.84 kB[39m[2m | [22m
[32mspec-createFormFromSchema.spec.js[39m        [2m | [22m[2mspec-createFormFromSchema.spec[22m        [2m | [22m [36m16.02 kB[39m[2m | [22m
[32mspec-auth.service.spec.js[39m                [2m | [22m[2mspec-auth.service.spec[22m                [2m | [22m [36m15.65 kB[39m[2m | [22m
[32mspec-register.api.service.spec.js[39m        [2m | [22m[2mspec-register.api.service.spec[22m        [2m | [22m [36m15.09 kB[39m[2m | [22m
[32mspec-scroll.service.spec.js[39m              [2m | [22m[2mspec-scroll.service.spec[22m              [2m | [22m [36m14.55 kB[39m[2m | [22m
[32mspec-auth.guard.spec.js[39m                  [2m | [22m[2mspec-auth.guard.spec[22m                  [2m | [22m [36m12.26 kB[39m[2m | [22m
[32mchunk-RPM45CIA.js[39m                        [2m | [22m[2m-[22m                                     [2m | [22m [36m11.24 kB[39m[2m | [22m
[32mspec-auth-token.interceptor.spec.js[39m      [2m | [22m[2mspec-auth-token.interceptor.spec[22m      [2m | [22m [36m10.97 kB[39m[2m | [22m
[32mspec-language.interceptor.spec.js[39m        [2m | [22m[2mspec-language.interceptor.spec[22m        [2m | [22m [36m10.05 kB[39m[2m | [22m
[32mspec-guest.guard.spec.js[39m                 [2m | [22m[2mspec-guest.guard.spec[22m                 [2m | [22m  [36m8.85 kB[39m[2m | [22m
[32mspec-initial-navigation.guard.spec.js[39m    [2m | [22m[2mspec-initial-navigation.guard.spec[22m    [2m | [22m  [36m6.95 kB[39m[2m | [22m
[32mspec-wrapper.component.spec.js[39m           [2m | [22m[2mspec-wrapper.component.spec[22m           [2m | [22m  [36m5.86 kB[39m[2m | [22m
[32mspec-confirmation-modal.service.spec.js[39m  [2m | [22m[2mspec-confirmation-modal.service.spec[22m  [2m | [22m  [36m5.60 kB[39m[2m | [22m
[32mchunk-RPNFUKCL.js[39m                        [2m | [22m[2m-[22m                                     [2m | [22m  [36m4.81 kB[39m[2m | [22m
[32mspec-toast.service.spec.js[39m               [2m | [22m[2mspec-toast.service.spec[22m               [2m | [22m  [36m4.07 kB[39m[2m | [22m
[32mchunk-6TRXNEZQ.js[39m                        [2m | [22m[2m-[22m                                     [2m | [22m  [36m3.45 kB[39m[2m | [22m
[32mspec-theme.types.spec.js[39m                 [2m | [22m[2mspec-theme.types.spec[22m                 [2m | [22m  [36m2.02 kB[39m[2m | [22m
[32mchunk-KL6BMZIZ.js[39m                        [2m | [22m[2m-[22m                                     [2m | [22m[36m934 bytes[39m[2m | [22m
[32mstyles.css[39m                               [2m | [22m[2mstyles[22m                                [2m | [22m[36m858 bytes[39m[2m | [22m
[32mjasmine-cleanup-0.js[39m                     [2m | [22m[2mjasmine-cleanup-0[22m                     [2m | [22m[36m519 bytes[39m[2m | [22m

[1m [22m                                        [2m | [22m[1mInitial total[22m                         [2m | [22m  [1m6.03 MB[22m

Application bundle generation complete. [4.714 seconds]

[32m09 09 2025 14:32:53.196:INFO [karma-server]: [39mKarma v6.4.4 server started at http://localhost:9876/
[32m09 09 2025 14:32:53.198:INFO [launcher]: [39mLaunching browsers ChromeHeadless with concurrency unlimited
[32m09 09 2025 14:32:53.204:INFO [launcher]: [39mStarting browser ChromeHeadless
[32m09 09 2025 14:32:54.168:INFO [Chrome Headless 139.0.0.0 (Windows 10)]: [39mConnected on socket my8IdiRoU_Yo0gW6AAAB with id 11349686
Chrome Headless 139.0.0.0 (Windows 10): Executed 0 of 829[32m SUCCESS[39m (0 secs / 0 secs)
[1A[2KChrome Headless 139.0.0.0 (Windows 10): Executed 1 of 829[32m SUCCESS[39m (0 secs / 0.009 secs)
[1A[2KChrome Headless 139.0.0.0 (Windows 10): Executed 2 of 829[32m SUCCESS[39m (0 secs / 0.011 secs)
[1A[2KChrome Headless 139.0.0.0 (Windows 10): Executed 3 of 829[32m SUCCESS[39m (0 secs / 0.012 secs)
[1A[2KChrome Headless 139.0.0.0 (Windows 10): Executed 4 of 829[32m SUCCESS[39m (0 secs / 0.013 secs)
[1A[2KChrome Headless 139.0.0.0 (Windows 10): Executed 5 of 829[32m SUCCESS[39m (0 secs / 0.014 secs)
[1A[2KChrome Headless 139.0.0.0 (Windows 10): Executed 6 of 829[32m SUCCESS[39m (0 secs / 0.036 secs)
[1A[2KChrome Headless 139.0.0.0 (Windows 10): Executed 7 of 829[32m SUCCESS[39m (0 secs / 0.038 secs)
[1A[2KChrome Headless 139.0.0.0 (Windows 10): Executed 8 of 829[32m SUCCESS[39m (0 secs / 0.043 secs)
[1A[2KChrome Headless 139.0.0.0 (Windows 10): Executed 9 of 829[32m SUCCESS[39m (0 secs / 0.046 secs)
[1A[2KChrome Headless 139.0.0.0 (Windows 10): Executed 10 of 829[32m SUCCESS[39m (0 secs / 0.048 secs)
[1A[2KChrome Headless 139.0.0.0 (Windows 10): Executed 11 of 829[32m SUCCESS[39m (0 secs / 0.05 secs)
[1A[2KChrome Headless 139.0.0.0 (Windows 10): Executed 12 of 829[32m SUCCESS[39m (0 secs / 0.052 secs)
[1A[2KChrome Headless 139.0.0.0 (Windows 10): Executed 13 of 829[32m SUCCESS[39m (0 secs / 0.054 secs)
[1A[2KChrome Headless 139.0.0.0 (Windows 10): Executed 14 of 829[32m SUCCESS[39m (0 secs / 0.067 secs)
[1A[2KChrome Headless 139.0.0.0 (Windows 10): Executed 15 of 829[32m SUCCESS[39m (0 secs / 0.07 secs)
[1A[2KChrome Headless 139.0.0.0 (Windows 10): Executed 16 of 829[32m SUCCESS[39m (0 secs / 0.076 secs)
[1A[2KChrome Headless 139.0.0.0 (Windows 10): Executed 17 of 829[32m SUCCESS[39m (0 secs / 0.079 secs)
[1A[2KChrome Headless 139.0.0.0 (Windows 10): Executed 18 of 829[32m SUCCESS[39m (0 secs / 0.081 secs)
[1A[2KChrome Headless 139.0.0.0 (Windows 10): Executed 19 of 829[32m SUCCESS[39m (0 secs / 0.083 secs)
[1A[2KChrome Headless 139.0.0.0 (Windows 10): Executed 20 of 829[32m SUCCESS[39m (0 secs / 0.084 secs)
[1A[2KChrome Headless 139.0.0.0 (Windows 10): Executed 21 of 829[32m SUCCESS[39m (0 secs / 0.086 secs)
[1A[2KChrome Headless 139.0.0.0 (Windows 10): Executed 22 of 829[32m SUCCESS[39m (0 secs / 0.088 secs)
[1A[2KChrome Headless 139.0.0.0 (Windows 10): Executed 23 of 829[32m SUCCESS[39m (0 secs / 0.09 secs)
[1A[2KChrome Headless 139.0.0.0 (Windows 10): Executed 24 of 829[32m SUCCESS[39m (0 secs / 0.092 secs)
[1A[2KChrome Headless 139.0.0.0 (Windows 10): Executed 25 of 829[32m SUCCESS[39m (0 secs / 0.094 secs)
[1A[2KChrome Headless 139.0.0.0 (Windows 10): Executed 26 of 829[32m SUCCESS[39m (0 secs / 0.096 secs)
[1A[2KChrome Headless 139.0.0.0 (Windows 10): Executed 27 of 829[32m SUCCESS[39m (0 secs / 0.098 secs)
[1A[2KChrome Headless 139.0.0.0 (Windows 10): Executed 28 of 829[32m SUCCESS[39m (0 secs / 0.1 secs)
[1A[2KChrome Headless 139.0.0.0 (Windows 10): Executed 29 of 829[32m SUCCESS[39m (0 secs / 0.102 secs)
[1A[2KChrome Headless 139.0.0.0 (Windows 10): Executed 30 of 829[32m SUCCESS[39m (0 secs / 0.104 secs)
[1A[2KChrome Headless 139.0.0.0 (Windows 10): Executed 31 of 829[32m SUCCESS[39m (0 secs / 0.106 secs)
[1A[2KChrome Headless 139.0.0.0 (Windows 10): Executed 32 of 829[32m SUCCESS[39m (0 secs / 0.108 secs)
[1A[2KChrome Headless 139.0.0.0 (Windows 10): Executed 33 of 829[32m SUCCESS[39m (0 secs / 0.109 secs)
[1A[2KChrome Headless 139.0.0.0 (Windows 10): Executed 34 of 829[32m SUCCESS[39m (0 secs / 0.111 secs)
[1A[2KChrome Headless 139.0.0.0 (Windows 10): Executed 35 of 829[32m SUCCESS[39m (0 secs / 0.113 secs)
[1A[2KChrome Headless 139.0.0.0 (Windows 10): Executed 36 of 829[32m SUCCESS[39m (0 secs / 0.114 secs)
[1A[2KChrome Headless 139.0.0.0 (Windows 10): Executed 37 of 829[32m SUCCESS[39m (0 secs / 0.116 secs)
[1A[2KChrome Headless 139.0.0.0 (Windows 10): Executed 38 of 829[32m SUCCESS[39m (0 secs / 0.118 secs)
[1A[2KChrome Headless 139.0.0.0 (Windows 10): Executed 39 of 829[32m SUCCESS[39m (0 secs / 0.119 secs)
[1A[2KChrome Headless 139.0.0.0 (Windows 10): Executed 40 of 829[32m SUCCESS[39m (0 secs / 0.12 secs)
[1A[2KChrome Headless 139.0.0.0 (Windows 10): Executed 41 of 829[32m SUCCESS[39m (0 secs / 0.122 secs)
[1A[2KChrome Headless 139.0.0.0 (Windows 10): Executed 42 of 829[32m SUCCESS[39m (0 secs / 0.123 secs)
[1A[2KChrome Headless 139.0.0.0 (Windows 10): Executed 43 of 829[32m SUCCESS[39m (0 secs / 0.124 secs)
[1A[2KChrome Headless 139.0.0.0 (Windows 10): Executed 44 of 829[32m SUCCESS[39m (0 secs / 0.126 secs)
[1A[2KChrome Headless 139.0.0.0 (Windows 10): Executed 45 of 829[32m SUCCESS[39m (0 secs / 0.128 secs)
[1A[2KChrome Headless 139.0.0.0 (Windows 10): Executed 46 of 829[32m SUCCESS[39m (0 secs / 0.129 secs)
[1A[2KChrome Headless 139.0.0.0 (Windows 10): Executed 47 of 829[32m SUCCESS[39m (0 secs / 0.13 secs)
[1A[2KChrome Headless 139.0.0.0 (Windows 10): Executed 48 of 829[32m SUCCESS[39m (0 secs / 0.131 secs)
[1A[2KChrome Headless 139.0.0.0 (Windows 10): Executed 49 of 829[32m SUCCESS[39m (0 secs / 0.133 secs)
[1A[2KChrome Headless 139.0.0.0 (Windows 10): Executed 50 of 829[32m SUCCESS[39m (0 secs / 0.135 secs)
[1A[2KChrome Headless 139.0.0.0 (Windows 10): Executed 51 of 829[32m SUCCESS[39m (0 secs / 0.142 secs)
[1A[2KChrome Headless 139.0.0.0 (Windows 10): Executed 52 of 829[32m SUCCESS[39m (0 secs / 0.144 secs)
[1A[2KChrome Headless 139.0.0.0 (Windows 10): Executed 53 of 829[32m SUCCESS[39m (0 secs / 0.146 secs)
[1A[2KChrome Headless 139.0.0.0 (Windows 10): Executed 54 of 829[32m SUCCESS[39m (0 secs / 0.148 secs)
[1A[2KChrome Headless 139.0.0.0 (Windows 10): Executed 55 of 829[32m SUCCESS[39m (0 secs / 0.149 secs)
[1A[2KChrome Headless 139.0.0.0 (Windows 10): Executed 56 of 829[32m SUCCESS[39m (0 secs / 0.151 secs)
[1A[2KChrome Headless 139.0.0.0 (Windows 10): Executed 57 of 829[32m SUCCESS[39m (0 secs / 0.153 secs)
[1A[2KChrome Headless 139.0.0.0 (Windows 10): Executed 58 of 829[32m SUCCESS[39m (0 secs / 0.155 secs)
[1A[2KChrome Headless 139.0.0.0 (Windows 10): Executed 59 of 829[32m SUCCESS[39m (0 secs / 0.156 secs)
[1A[2KChrome Headless 139.0.0.0 (Windows 10): Executed 60 of 829[32m SUCCESS[39m (0 secs / 0.158 secs)
[1A[2KChrome Headless 139.0.0.0 (Windows 10): Executed 61 of 829[32m SUCCESS[39m (0 secs / 0.159 secs)
[1A[2KChrome Headless 139.0.0.0 (Windows 10): Executed 62 of 829[32m SUCCESS[39m (0 secs / 0.16 secs)
[1A[2KChrome Headless 139.0.0.0 (Windows 10): Executed 63 of 829[32m SUCCESS[39m (0 secs / 0.161 secs)
[1A[2KChrome Headless 139.0.0.0 (Windows 10): Executed 64 of 829[32m SUCCESS[39m (0 secs / 0.162 secs)
[1A[2KChrome Headless 139.0.0.0 (Windows 10): Executed 65 of 829[32m SUCCESS[39m (0 secs / 0.173 secs)
[1A[2KChrome Headless 139.0.0.0 (Windows 10): Executed 66 of 829[32m SUCCESS[39m (0 secs / 0.175 secs)
[1A[2KChrome Headless 139.0.0.0 (Windows 10): Executed 67 of 829[32m SUCCESS[39m (0 secs / 0.177 secs)
[1A[2KChrome Headless 139.0.0.0 (Windows 10): Executed 68 of 829[32m SUCCESS[39m (0 secs / 0.179 secs)
[1A[2KChrome Headless 139.0.0.0 (Windows 10): Executed 69 of 829[32m SUCCESS[39m (0 secs / 0.181 secs)
[1A[2KChrome Headless 139.0.0.0 (Windows 10): Executed 70 of 829[32m SUCCESS[39m (0 secs / 0.182 secs)
[1A[2KChrome Headless 139.0.0.0 (Windows 10): Executed 71 of 829[32m SUCCESS[39m (0 secs / 0.184 secs)
[1A[2KChrome Headless 139.0.0.0 (Windows 10): Executed 72 of 829[32m SUCCESS[39m (0 secs / 0.186 secs)
[1A[2KChrome Headless 139.0.0.0 (Windows 10): Executed 73 of 829[32m SUCCESS[39m (0 secs / 0.187 secs)
[1A[2KChrome Headless 139.0.0.0 (Windows 10): Executed 74 of 829[32m SUCCESS[39m (0 secs / 0.188 secs)
[1A[2KChrome Headless 139.0.0.0 (Windows 10): Executed 75 of 829[32m SUCCESS[39m (0 secs / 0.189 secs)
[1A[2KChrome Headless 139.0.0.0 (Windows 10): Executed 76 of 829[32m SUCCESS[39m (0 secs / 0.19 secs)
[1A[2KChrome Headless 139.0.0.0 (Windows 10): Executed 77 of 829[32m SUCCESS[39m (0 secs / 0.191 secs)
[1A[2KChrome Headless 139.0.0.0 (Windows 10): Executed 78 of 829[32m SUCCESS[39m (0 secs / 0.193 secs)
[1A[2KChrome Headless 139.0.0.0 (Windows 10): Executed 79 of 829[32m SUCCESS[39m (0 secs / 0.194 secs)
[1A[2KChrome Headless 139.0.0.0 (Windows 10): Executed 80 of 829[32m SUCCESS[39m (0 secs / 0.196 secs)
[1A[2KChrome Headless 139.0.0.0 (Windows 10): Executed 81 of 829[32m SUCCESS[39m (0 secs / 0.197 secs)
[1A[2KChrome Headless 139.0.0.0 (Windows 10): Executed 82 of 829[32m SUCCESS[39m (0 secs / 0.198 secs)
[1A[2KChrome Headless 139.0.0.0 (Windows 10): Executed 83 of 829[32m SUCCESS[39m (0 secs / 0.2 secs)
[1A[2KChrome Headless 139.0.0.0 (Windows 10): Executed 84 of 829[32m SUCCESS[39m (0 secs / 0.201 secs)
[1A[2KChrome Headless 139.0.0.0 (Windows 10): Executed 85 of 829[32m SUCCESS[39m (0 secs / 0.202 secs)
[1A[2KChrome Headless 139.0.0.0 (Windows 10): Executed 86 of 829[32m SUCCESS[39m (0 secs / 0.203 secs)
[1A[2KChrome Headless 139.0.0.0 (Windows 10): Executed 87 of 829[32m SUCCESS[39m (0 secs / 0.205 secs)
[1A[2KChrome Headless 139.0.0.0 (Windows 10): Executed 88 of 829[32m SUCCESS[39m (0 secs / 0.207 secs)
[1A[2KChrome Headless 139.0.0.0 (Windows 10): Executed 89 of 829[32m SUCCESS[39m (0 secs / 0.209 secs)
[1A[2KChrome Headless 139.0.0.0 (Windows 10): Executed 90 of 829[32m SUCCESS[39m (0 secs / 0.211 secs)
[1A[2KChrome Headless 139.0.0.0 (Windows 10): Executed 91 of 829[32m SUCCESS[39m (0 secs / 0.214 secs)
[1A[2KChrome Headless 139.0.0.0 (Windows 10): Executed 92 of 829[32m SUCCESS[39m (0 secs / 0.216 secs)
[1A[2KChrome Headless 139.0.0.0 (Windows 10): Executed 93 of 829[32m SUCCESS[39m (0 secs / 0.217 secs)
[1A[2KChrome Headless 139.0.0.0 (Windows 10): Executed 94 of 829[32m SUCCESS[39m (0 secs / 0.218 secs)
[1A[2KChrome Headless 139.0.0.0 (Windows 10): Executed 95 of 829[32m SUCCESS[39m (0 secs / 0.22 secs)
[1A[2KChrome Headless 139.0.0.0 (Windows 10): Executed 96 of 829[32m SUCCESS[39m (0 secs / 0.221 secs)
[1A[2KChrome Headless 139.0.0.0 (Windows 10): Executed 97 of 829[32m SUCCESS[39m (0 secs / 0.223 secs)
[1A[2KChrome Headless 139.0.0.0 (Windows 10): Executed 98 of 829[32m SUCCESS[39m (0 secs / 0.225 secs)
[1A[2KChrome Headless 139.0.0.0 (Windows 10): Executed 99 of 829[32m SUCCESS[39m (0 secs / 0.227 secs)
[1A[2KChrome Headless 139.0.0.0 (Windows 10): Executed 100 of 829[32m SUCCESS[39m (0 secs / 0.229 secs)
[1A[2KChrome Headless 139.0.0.0 (Windows 10): Executed 101 of 829[32m SUCCESS[39m (0 secs / 0.231 secs)
[1A[2KChrome Headless 139.0.0.0 (Windows 10): Executed 102 of 829[32m SUCCESS[39m (0 secs / 0.232 secs)
[1A[2KChrome Headless 139.0.0.0 (Windows 10): Executed 103 of 829[32m SUCCESS[39m (0 secs / 0.234 secs)
[1A[2KChrome Headless 139.0.0.0 (Windows 10): Executed 104 of 829[32m SUCCESS[39m (0 secs / 0.235 secs)
[1A[2KChrome Headless 139.0.0.0 (Windows 10): Executed 105 of 829[32m SUCCESS[39m (0 secs / 0.236 secs)
[1A[2KChrome Headless 139.0.0.0 (Windows 10): Executed 106 of 829[32m SUCCESS[39m (0 secs / 0.237 secs)
[1A[2KChrome Headless 139.0.0.0 (Windows 10): Executed 107 of 829[32m SUCCESS[39m (0 secs / 0.238 secs)
[1A[2KChrome Headless 139.0.0.0 (Windows 10): Executed 108 of 829[32m SUCCESS[39m (0 secs / 0.239 secs)
[1A[2KChrome Headless 139.0.0.0 (Windows 10): Executed 109 of 829[32m SUCCESS[39m (0 secs / 0.24 secs)
[1A[2KChrome Headless 139.0.0.0 (Windows 10): Executed 110 of 829[32m SUCCESS[39m (0 secs / 0.242 secs)
[1A[2KChrome Headless 139.0.0.0 (Windows 10): Executed 111 of 829[32m SUCCESS[39m (0 secs / 0.244 secs)
[1A[2KChrome Headless 139.0.0.0 (Windows 10): Executed 112 of 829[32m SUCCESS[39m (0 secs / 0.246 secs)
[1A[2KChrome Headless 139.0.0.0 (Windows 10): Executed 113 of 829[32m SUCCESS[39m (0 secs / 0.247 secs)
[1A[2KChrome Headless 139.0.0.0 (Windows 10): Executed 114 of 829[32m SUCCESS[39m (0 secs / 0.248 secs)
[1A[2KChrome Headless 139.0.0.0 (Windows 10): Executed 115 of 829[32m SUCCESS[39m (0 secs / 0.249 secs)
[1A[2KChrome Headless 139.0.0.0 (Windows 10): Executed 116 of 829[32m SUCCESS[39m (0 secs / 0.25 secs)
[1A[2KChrome Headless 139.0.0.0 (Windows 10): Executed 117 of 829[32m SUCCESS[39m (0 secs / 0.251 secs)
[1A[2KChrome Headless 139.0.0.0 (Windows 10): Executed 118 of 829[32m SUCCESS[39m (0 secs / 0.251 secs)
[1A[2KChrome Headless 139.0.0.0 (Windows 10): Executed 119 of 829[32m SUCCESS[39m (0 secs / 0.253 secs)
[1A[2KChrome Headless 139.0.0.0 (Windows 10): Executed 120 of 829[32m SUCCESS[39m (0 secs / 0.254 secs)
[1A[2KChrome Headless 139.0.0.0 (Windows 10): Executed 121 of 829[32m SUCCESS[39m (0 secs / 0.255 secs)
[1A[2KChrome Headless 139.0.0.0 (Windows 10): Executed 122 of 829[32m SUCCESS[39m (0 secs / 0.256 secs)
[1A[2KChrome Headless 139.0.0.0 (Windows 10): Executed 123 of 829[32m SUCCESS[39m (0 secs / 0.257 secs)
[1A[2KChrome Headless 139.0.0.0 (Windows 10): Executed 124 of 829[32m SUCCESS[39m (0 secs / 0.289 secs)
[1A[2KChrome Headless 139.0.0.0 (Windows 10): Executed 125 of 829[32m SUCCESS[39m (0 secs / 0.293 secs)
[1A[2KChrome Headless 139.0.0.0 (Windows 10): Executed 126 of 829[32m SUCCESS[39m (0 secs / 0.295 secs)
[1A[2KChrome Headless 139.0.0.0 (Windows 10): Executed 127 of 829[32m SUCCESS[39m (0 secs / 0.297 secs)
[1A[2KChrome Headless 139.0.0.0 (Windows 10): Executed 128 of 829[32m SUCCESS[39m (0 secs / 0.299 secs)
[1A[2KChrome Headless 139.0.0.0 (Windows 10): Executed 129 of 829[32m SUCCESS[39m (0 secs / 0.302 secs)
[1A[2KChrome Headless 139.0.0.0 (Windows 10): Executed 130 of 829[32m SUCCESS[39m (0 secs / 0.306 secs)
[1A[2KChrome Headless 139.0.0.0 (Windows 10): Executed 131 of 829[32m SUCCESS[39m (0 secs / 0.309 secs)
[1A[2KChrome Headless 139.0.0.0 (Windows 10): Executed 132 of 829[32m SUCCESS[39m (0 secs / 0.312 secs)
[1A[2KChrome Headless 139.0.0.0 (Windows 10): Executed 133 of 829[32m SUCCESS[39m (0 secs / 0.314 secs)
[1A[2KChrome Headless 139.0.0.0 (Windows 10): Executed 134 of 829[32m SUCCESS[39m (0 secs / 0.317 secs)
[1A[2KChrome Headless 139.0.0.0 (Windows 10): Executed 135 of 829[32m SUCCESS[39m (0 secs / 0.319 secs)
[1A[2KChrome Headless 139.0.0.0 (Windows 10): Executed 136 of 829[32m SUCCESS[39m (0 secs / 0.322 secs)
[1A[2KChrome Headless 139.0.0.0 (Windows 10): Executed 137 of 829[32m SUCCESS[39m (0 secs / 0.324 secs)
[1A[2KChrome Headless 139.0.0.0 (Windows 10): Executed 138 of 829[32m SUCCESS[39m (0 secs / 0.326 secs)
[1A[2KChrome Headless 139.0.0.0 (Windows 10): Executed 139 of 829[32m SUCCESS[39m (0 secs / 0.327 secs)
[1A[2KChrome Headless 139.0.0.0 (Windows 10): Executed 140 of 829[32m SUCCESS[39m (0 secs / 0.329 secs)
[1A[2KChrome Headless 139.0.0.0 (Windows 10): Executed 141 of 829[32m SUCCESS[39m (0 secs / 0.331 secs)
[1A[2KChrome Headless 139.0.0.0 (Windows 10): Executed 142 of 829[32m SUCCESS[39m (0 secs / 0.334 secs)
[1A[2KChrome Headless 139.0.0.0 (Windows 10): Executed 143 of 829[32m SUCCESS[39m (0 secs / 0.336 secs)
[1A[2KChrome Headless 139.0.0.0 (Windows 10): Executed 144 of 829[32m SUCCESS[39m (0 secs / 0.338 secs)
[1A[2KChrome Headless 139.0.0.0 (Windows 10): Executed 145 of 829[32m SUCCESS[39m (0 secs / 0.34 secs)
[1A[2KChrome Headless 139.0.0.0 (Windows 10): Executed 146 of 829[32m SUCCESS[39m (0 secs / 0.342 secs)
[1A[2KChrome Headless 139.0.0.0 (Windows 10): Executed 147 of 829[32m SUCCESS[39m (0 secs / 0.343 secs)
[1A[2KChrome Headless 139.0.0.0 (Windows 10): Executed 148 of 829[32m SUCCESS[39m (0 secs / 0.345 secs)
[1A[2KChrome Headless 139.0.0.0 (Windows 10): Executed 149 of 829[32m SUCCESS[39m (0 secs / 0.347 secs)
[1A[2KChrome Headless 139.0.0.0 (Windows 10): Executed 150 of 829[32m SUCCESS[39m (0 secs / 0.349 secs)
[1A[2KChrome Headless 139.0.0.0 (Windows 10): Executed 151 of 829[32m SUCCESS[39m (0 secs / 0.351 secs)
[1A[2KChrome Headless 139.0.0.0 (Windows 10): Executed 152 of 829[32m SUCCESS[39m (0 secs / 0.352 secs)
[1A[2KChrome Headless 139.0.0.0 (Windows 10): Executed 153 of 829[32m SUCCESS[39m (0 secs / 0.353 secs)
[1A[2KChrome Headless 139.0.0.0 (Windows 10): Executed 154 of 829[32m SUCCESS[39m (0 secs / 0.355 secs)
[1A[2KChrome Headless 139.0.0.0 (Windows 10): Executed 155 of 829[32m SUCCESS[39m (0 secs / 0.357 secs)
[1A[2KChrome Headless 139.0.0.0 (Windows 10): Executed 156 of 829[32m SUCCESS[39m (0 secs / 0.359 secs)
[1A[2KChrome Headless 139.0.0.0 (Windows 10): Executed 157 of 829[32m SUCCESS[39m (0 secs / 0.361 secs)
[1A[2KChrome Headless 139.0.0.0 (Windows 10): Executed 158 of 829[32m SUCCESS[39m (0 secs / 0.363 secs)
[1A[2KChrome Headless 139.0.0.0 (Windows 10): Executed 159 of 829[32m SUCCESS[39m (0 secs / 0.365 secs)
[1A[2KChrome Headless 139.0.0.0 (Windows 10): Executed 160 of 829[32m SUCCESS[39m (0 secs / 0.367 secs)
[1A[2KChrome Headless 139.0.0.0 (Windows 10): Executed 161 of 829[32m SUCCESS[39m (0 secs / 0.369 secs)
[1A[2KChrome Headless 139.0.0.0 (Windows 10): Executed 162 of 829[32m SUCCESS[39m (0 secs / 0.371 secs)
[1A[2KChrome Headless 139.0.0.0 (Windows 10): Executed 163 of 829[32m SUCCESS[39m (0 secs / 0.373 secs)
[1A[2KChrome Headless 139.0.0.0 (Windows 10): Executed 164 of 829[32m SUCCESS[39m (0 secs / 0.375 secs)
[1A[2KChrome Headless 139.0.0.0 (Windows 10): Executed 165 of 829[32m SUCCESS[39m (0 secs / 0.377 secs)
[1A[2KChrome Headless 139.0.0.0 (Windows 10): Executed 166 of 829[32m SUCCESS[39m (0 secs / 0.379 secs)
[1A[2KChrome Headless 139.0.0.0 (Windows 10): Executed 167 of 829[32m SUCCESS[39m (0 secs / 0.381 secs)
[1A[2KChrome Headless 139.0.0.0 (Windows 10): Executed 168 of 829[32m SUCCESS[39m (0 secs / 0.383 secs)
[1A[2KChrome Headless 139.0.0.0 (Windows 10): Executed 169 of 829[32m SUCCESS[39m (0 secs / 0.385 secs)
[1A[2KChrome Headless 139.0.0.0 (Windows 10): Executed 170 of 829[32m SUCCESS[39m (0 secs / 0.389 secs)
[1A[2KChrome Headless 139.0.0.0 (Windows 10): Executed 171 of 829[32m SUCCESS[39m (0 secs / 0.394 secs)
[1A[2KChrome Headless 139.0.0.0 (Windows 10): Executed 172 of 829[32m SUCCESS[39m (0 secs / 0.397 secs)
[1A[2KChrome Headless 139.0.0.0 (Windows 10): Executed 173 of 829[32m SUCCESS[39m (0 secs / 0.399 secs)
[1A[2KChrome Headless 139.0.0.0 (Windows 10): Executed 174 of 829[32m SUCCESS[39m (0 secs / 0.401 secs)
[1A[2KChrome Headless 139.0.0.0 (Windows 10): Executed 175 of 829[32m SUCCESS[39m (0 secs / 0.403 secs)
[1A[2KChrome Headless 139.0.0.0 (Windows 10): Executed 176 of 829[32m SUCCESS[39m (0 secs / 0.404 secs)
[1A[2KChrome Headless 139.0.0.0 (Windows 10): Executed 177 of 829[32m SUCCESS[39m (0 secs / 0.408 secs)
[1A[2KChrome Headless 139.0.0.0 (Windows 10): Executed 178 of 829[32m SUCCESS[39m (0 secs / 0.412 secs)
[1A[2KChrome Headless 139.0.0.0 (Windows 10): Executed 179 of 829[32m SUCCESS[39m (0 secs / 0.417 secs)
[1A[2KChrome Headless 139.0.0.0 (Windows 10): Executed 180 of 829[32m SUCCESS[39m (0 secs / 0.422 secs)
[1A[2KChrome Headless 139.0.0.0 (Windows 10): Executed 181 of 829[32m SUCCESS[39m (0 secs / 0.427 secs)
[1A[2KChrome Headless 139.0.0.0 (Windows 10): Executed 182 of 829[32m SUCCESS[39m (0 secs / 0.429 secs)
[1A[2KChrome Headless 139.0.0.0 (Windows 10): Executed 183 of 829[32m SUCCESS[39m (0 secs / 0.431 secs)
[1A[2KChrome Headless 139.0.0.0 (Windows 10): Executed 184 of 829[32m SUCCESS[39m (0 secs / 0.433 secs)
[1A[2KChrome Headless 139.0.0.0 (Windows 10): Executed 185 of 829[32m SUCCESS[39m (0 secs / 0.435 secs)
[1A[2KChrome Headless 139.0.0.0 (Windows 10): Executed 186 of 829[32m SUCCESS[39m (0 secs / 0.437 secs)
[1A[2KChrome Headless 139.0.0.0 (Windows 10): Executed 187 of 829[32m SUCCESS[39m (0 secs / 0.439 secs)
[1A[2KChrome Headless 139.0.0.0 (Windows 10): Executed 188 of 829[32m SUCCESS[39m (0 secs / 0.44 secs)
[1A[2KChrome Headless 139.0.0.0 (Windows 10): Executed 189 of 829[32m SUCCESS[39m (0 secs / 0.441 secs)
[1A[2KChrome Headless 139.0.0.0 (Windows 10): Executed 190 of 829[32m SUCCESS[39m (0 secs / 0.442 secs)
[1A[2KChrome Headless 139.0.0.0 (Windows 10): Executed 191 of 829[32m SUCCESS[39m (0 secs / 0.444 secs)
[1A[2KChrome Headless 139.0.0.0 (Windows 10): Executed 192 of 829[32m SUCCESS[39m (0 secs / 0.447 secs)
[1A[2KChrome Headless 139.0.0.0 (Windows 10): Executed 193 of 829[32m SUCCESS[39m (0 secs / 0.454 secs)
[1A[2KChrome Headless 139.0.0.0 (Windows 10): Executed 194 of 829[32m SUCCESS[39m (0 secs / 0.456 secs)
[1A[2KChrome Headless 139.0.0.0 (Windows 10): Executed 195 of 829[32m SUCCESS[39m (0 secs / 0.458 secs)
[1A[2KChrome Headless 139.0.0.0 (Windows 10): Executed 196 of 829[32m SUCCESS[39m (0 secs / 0.46 secs)
[1A[2KChrome Headless 139.0.0.0 (Windows 10): Executed 197 of 829[32m SUCCESS[39m (0 secs / 0.461 secs)
[1A[2KChrome Headless 139.0.0.0 (Windows 10): Executed 198 of 829[32m SUCCESS[39m (0 secs / 0.463 secs)
[1A[2KChrome Headless 139.0.0.0 (Windows 10): Executed 199 of 829[32m SUCCESS[39m (0 secs / 0.465 secs)
[1A[2KChrome Headless 139.0.0.0 (Windows 10): Executed 200 of 829[32m SUCCESS[39m (0 secs / 0.467 secs)
[1A[2KChrome Headless 139.0.0.0 (Windows 10): Executed 201 of 829[32m SUCCESS[39m (0 secs / 0.468 secs)
[1A[2KChrome Headless 139.0.0.0 (Windows 10): Executed 202 of 829[32m SUCCESS[39m (0 secs / 0.47 secs)
[1A[2KChrome Headless 139.0.0.0 (Windows 10): Executed 203 of 829[32m SUCCESS[39m (0 secs / 0.471 secs)
[1A[2KChrome Headless 139.0.0.0 (Windows 10): Executed 204 of 829[32m SUCCESS[39m (0 secs / 0.473 secs)
[1A[2KChrome Headless 139.0.0.0 (Windows 10): Executed 205 of 829[32m SUCCESS[39m (0 secs / 0.475 secs)
[1A[2KChrome Headless 139.0.0.0 (Windows 10): Executed 206 of 829[32m SUCCESS[39m (0 secs / 0.476 secs)
[1A[2KChrome Headless 139.0.0.0 (Windows 10): Executed 207 of 829[32m SUCCESS[39m (0 secs / 0.477 secs)
[1A[2KChrome Headless 139.0.0.0 (Windows 10): Executed 208 of 829[32m SUCCESS[39m (0 secs / 0.478 secs)
[1A[2KChrome Headless 139.0.0.0 (Windows 10): Executed 209 of 829[32m SUCCESS[39m (0 secs / 0.479 secs)
[1A[2KChrome Headless 139.0.0.0 (Windows 10): Executed 210 of 829[32m SUCCESS[39m (0 secs / 0.48 secs)
[1A[2KChrome Headless 139.0.0.0 (Windows 10): Executed 211 of 829[32m SUCCESS[39m (0 secs / 0.48 secs)
[1A[2KChrome Headless 139.0.0.0 (Windows 10): Executed 212 of 829[32m SUCCESS[39m (0 secs / 0.48 secs)
[1A[2KChrome Headless 139.0.0.0 (Windows 10): Executed 213 of 829[32m SUCCESS[39m (0 secs / 0.481 secs)
[1A[2KChrome Headless 139.0.0.0 (Windows 10): Executed 214 of 829[32m SUCCESS[39m (0 secs / 0.482 secs)
[1A[2KChrome Headless 139.0.0.0 (Windows 10): Executed 215 of 829[32m SUCCESS[39m (0 secs / 0.482 secs)
[1A[2KChrome Headless 139.0.0.0 (Windows 10): Executed 216 of 829[32m SUCCESS[39m (0 secs / 0.483 secs)
[1A[2KChrome Headless 139.0.0.0 (Windows 10): Executed 217 of 829[32m SUCCESS[39m (0 secs / 0.484 secs)
[1A[2KChrome Headless 139.0.0.0 (Windows 10): Executed 218 of 829[32m SUCCESS[39m (0 secs / 0.485 secs)
[1A[2KChrome Headless 139.0.0.0 (Windows 10): Executed 219 of 829[32m SUCCESS[39m (0 secs / 0.485 secs)
[1A[2KChrome Headless 139.0.0.0 (Windows 10): Executed 220 of 829[32m SUCCESS[39m (0 secs / 0.486 secs)
[1A[2KChrome Headless 139.0.0.0 (Windows 10): Executed 221 of 829[32m SUCCESS[39m (0 secs / 0.487 secs)
[1A[2KChrome Headless 139.0.0.0 (Windows 10): Executed 222 of 829[32m SUCCESS[39m (0 secs / 0.488 secs)
[1A[2KChrome Headless 139.0.0.0 (Windows 10): Executed 223 of 829[32m SUCCESS[39m (0 secs / 0.489 secs)
[1A[2KChrome Headless 139.0.0.0 (Windows 10): Executed 224 of 829[32m SUCCESS[39m (0 secs / 0.49 secs)
[1A[2KChrome Headless 139.0.0.0 (Windows 10): Executed 225 of 829[32m SUCCESS[39m (0 secs / 0.49 secs)
[1A[2KChrome Headless 139.0.0.0 (Windows 10): Executed 226 of 829[32m SUCCESS[39m (0 secs / 0.491 secs)
[1A[2KChrome Headless 139.0.0.0 (Windows 10): Executed 227 of 829[32m SUCCESS[39m (0 secs / 0.491 secs)
[1A[2KChrome Headless 139.0.0.0 (Windows 10): Executed 228 of 829[32m SUCCESS[39m (0 secs / 0.492 secs)
[1A[2KChrome Headless 139.0.0.0 (Windows 10): Executed 229 of 829[32m SUCCESS[39m (0 secs / 0.493 secs)
[1A[2KChrome Headless 139.0.0.0 (Windows 10): Executed 230 of 829[32m SUCCESS[39m (0 secs / 0.494 secs)
[1A[2KChrome Headless 139.0.0.0 (Windows 10): Executed 231 of 829[32m SUCCESS[39m (0 secs / 0.495 secs)
[1A[2KChrome Headless 139.0.0.0 (Windows 10): Executed 232 of 829[32m SUCCESS[39m (0 secs / 0.495 secs)
[1A[2KChrome Headless 139.0.0.0 (Windows 10): Executed 233 of 829[32m SUCCESS[39m (0 secs / 0.495 secs)
[1A[2KChrome Headless 139.0.0.0 (Windows 10): Executed 234 of 829[32m SUCCESS[39m (0 secs / 0.496 secs)
[1A[2KChrome Headless 139.0.0.0 (Windows 10): Executed 235 of 829[32m SUCCESS[39m (0 secs / 0.496 secs)
[1A[2KChrome Headless 139.0.0.0 (Windows 10): Executed 236 of 829[32m SUCCESS[39m (0 secs / 0.497 secs)
[1A[2KChrome Headless 139.0.0.0 (Windows 10): Executed 237 of 829[32m SUCCESS[39m (0 secs / 0.505 secs)
[1A[2KChrome Headless 139.0.0.0 (Windows 10): Executed 238 of 829[32m SUCCESS[39m (0 secs / 0.507 secs)
[1A[2KChrome Headless 139.0.0.0 (Windows 10): Executed 239 of 829[32m SUCCESS[39m (0 secs / 0.508 secs)
[1A[2KChrome Headless 139.0.0.0 (Windows 10): Executed 240 of 829[32m SUCCESS[39m (0 secs / 0.51 secs)
[1A[2KChrome Headless 139.0.0.0 (Windows 10): Executed 241 of 829[32m SUCCESS[39m (0 secs / 0.511 secs)
[1A[2KChrome Headless 139.0.0.0 (Windows 10): Executed 242 of 829[32m SUCCESS[39m (0 secs / 0.513 secs)
[1A[2KChrome Headless 139.0.0.0 (Windows 10): Executed 243 of 829[32m SUCCESS[39m (0 secs / 0.514 secs)
[1A[2KChrome Headless 139.0.0.0 (Windows 10): Executed 244 of 829[32m SUCCESS[39m (0 secs / 0.516 secs)
[1A[2KChrome Headless 139.0.0.0 (Windows 10): Executed 245 of 829[32m SUCCESS[39m (0 secs / 0.517 secs)
[1A[2KChrome Headless 139.0.0.0 (Windows 10): Executed 246 of 829[32m SUCCESS[39m (0 secs / 0.518 secs)
[1A[2KChrome Headless 139.0.0.0 (Windows 10): Executed 247 of 829[32m SUCCESS[39m (0 secs / 0.52 secs)
[1A[2KChrome Headless 139.0.0.0 (Windows 10): Executed 248 of 829[32m SUCCESS[39m (0 secs / 0.521 secs)
[1A[2KChrome Headless 139.0.0.0 (Windows 10): Executed 249 of 829[32m SUCCESS[39m (0 secs / 0.523 secs)
[1A[2KChrome Headless 139.0.0.0 (Windows 10): Executed 250 of 829[32m SUCCESS[39m (0 secs / 0.524 secs)
[1A[2KChrome Headless 139.0.0.0 (Windows 10): Executed 251 of 829[32m SUCCESS[39m (0 secs / 0.525 secs)
[1A[2KChrome Headless 139.0.0.0 (Windows 10): Executed 252 of 829[32m SUCCESS[39m (0 secs / 0.527 secs)
[1A[2KChrome Headless 139.0.0.0 (Windows 10): Executed 253 of 829[32m SUCCESS[39m (0 secs / 0.529 secs)
[1A[2KChrome Headless 139.0.0.0 (Windows 10): Executed 254 of 829[32m SUCCESS[39m (0 secs / 0.531 secs)
[1A[2KChrome Headless 139.0.0.0 (Windows 10): Executed 255 of 829[32m SUCCESS[39m (0 secs / 0.533 secs)
[1A[2KChrome Headless 139.0.0.0 (Windows 10): Executed 256 of 829[32m SUCCESS[39m (0 secs / 0.535 secs)
[1A[2KChrome Headless 139.0.0.0 (Windows 10): Executed 257 of 829[32m SUCCESS[39m (0 secs / 0.536 secs)
[1A[2KChrome Headless 139.0.0.0 (Windows 10): Executed 258 of 829[32m SUCCESS[39m (0 secs / 0.537 secs)
[1A[2KChrome Headless 139.0.0.0 (Windows 10): Executed 259 of 829[32m SUCCESS[39m (0 secs / 0.538 secs)
[1A[2KChrome Headless 139.0.0.0 (Windows 10): Executed 260 of 829[32m SUCCESS[39m (0 secs / 0.539 secs)
[1A[2KChrome Headless 139.0.0.0 (Windows 10): Executed 261 of 829[32m SUCCESS[39m (0 secs / 0.541 secs)
[1A[2KChrome Headless 139.0.0.0 (Windows 10): Executed 262 of 829[32m SUCCESS[39m (0 secs / 0.543 secs)
[1A[2KChrome Headless 139.0.0.0 (Windows 10): Executed 263 of 829[32m SUCCESS[39m (0 secs / 0.545 secs)
[1A[2KChrome Headless 139.0.0.0 (Windows 10): Executed 264 of 829[32m SUCCESS[39m (0 secs / 0.546 secs)
[1A[2KChrome Headless 139.0.0.0 (Windows 10): Executed 265 of 829[32m SUCCESS[39m (0 secs / 0.548 secs)
[1A[2KChrome Headless 139.0.0.0 (Windows 10): Executed 266 of 829[32m SUCCESS[39m (0 secs / 0.55 secs)
[1A[2KChrome Headless 139.0.0.0 (Windows 10): Executed 267 of 829[32m SUCCESS[39m (0 secs / 0.551 secs)
[1A[2KChrome Headless 139.0.0.0 (Windows 10): Executed 268 of 829[32m SUCCESS[39m (0 secs / 0.553 secs)
[1A[2KChrome Headless 139.0.0.0 (Windows 10): Executed 269 of 829[32m SUCCESS[39m (0 secs / 0.555 secs)
[1A[2KChrome Headless 139.0.0.0 (Windows 10): Executed 270 of 829[32m SUCCESS[39m (0 secs / 0.557 secs)
[1A[2KChrome Headless 139.0.0.0 (Windows 10): Executed 271 of 829[32m SUCCESS[39m (0 secs / 0.559 secs)
[1A[2KChrome Headless 139.0.0.0 (Windows 10): Executed 272 of 829[32m SUCCESS[39m (0 secs / 0.56 secs)
[1A[2KChrome Headless 139.0.0.0 (Windows 10): Executed 273 of 829[32m SUCCESS[39m (0 secs / 0.562 secs)
[1A[2KChrome Headless 139.0.0.0 (Windows 10): Executed 274 of 829[32m SUCCESS[39m (0 secs / 0.564 secs)
[1A[2KChrome Headless 139.0.0.0 (Windows 10): Executed 275 of 829[32m SUCCESS[39m (0 secs / 0.566 secs)
[1A[2KChrome Headless 139.0.0.0 (Windows 10): Executed 276 of 829[32m SUCCESS[39m (0 secs / 0.568 secs)
[1A[2KChrome Headless 139.0.0.0 (Windows 10): Executed 277 of 829[32m SUCCESS[39m (0 secs / 0.571 secs)
[1A[2KChrome Headless 139.0.0.0 (Windows 10): Executed 278 of 829[32m SUCCESS[39m (0 secs / 0.579 secs)
[1A[2KChrome Headless 139.0.0.0 (Windows 10): Executed 279 of 829[32m SUCCESS[39m (0 secs / 0.581 secs)
[1A[2KChrome Headless 139.0.0.0 (Windows 10): Executed 280 of 829[32m SUCCESS[39m (0 secs / 0.583 secs)
[1A[2KChrome Headless 139.0.0.0 (Windows 10): Executed 281 of 829[32m SUCCESS[39m (0 secs / 0.584 secs)
[1A[2KChrome Headless 139.0.0.0 (Windows 10): Executed 282 of 829[32m SUCCESS[39m (0 secs / 0.584 secs)
[1A[2KChrome Headless 139.0.0.0 (Windows 10): Executed 283 of 829[32m SUCCESS[39m (0 secs / 0.585 secs)
[1A[2KChrome Headless 139.0.0.0 (Windows 10): Executed 284 of 829[32m SUCCESS[39m (0 secs / 0.586 secs)
[1A[2KChrome Headless 139.0.0.0 (Windows 10): Executed 285 of 829[32m SUCCESS[39m (0 secs / 0.587 secs)
[1A[2KChrome Headless 139.0.0.0 (Windows 10): Executed 286 of 829[32m SUCCESS[39m (0 secs / 0.587 secs)
[1A[2KChrome Headless 139.0.0.0 (Windows 10): Executed 287 of 829[32m SUCCESS[39m (0 secs / 0.588 secs)
[1A[2KChrome Headless 139.0.0.0 (Windows 10): Executed 288 of 829[32m SUCCESS[39m (0 secs / 0.588 secs)
[1A[2KChrome Headless 139.0.0.0 (Windows 10): Executed 289 of 829[32m SUCCESS[39m (0 secs / 0.588 secs)
[1A[2KChrome Headless 139.0.0.0 (Windows 10): Executed 290 of 829[32m SUCCESS[39m (0 secs / 0.589 secs)
[1A[2KChrome Headless 139.0.0.0 (Windows 10): Executed 291 of 829[32m SUCCESS[39m (0 secs / 0.589 secs)
[1A[2KChrome Headless 139.0.0.0 (Windows 10): Executed 292 of 829[32m SUCCESS[39m (0 secs / 0.59 secs)
[1A[2KChrome Headless 139.0.0.0 (Windows 10): Executed 293 of 829[32m SUCCESS[39m (0 secs / 0.591 secs)
[1A[2KChrome Headless 139.0.0.0 (Windows 10): Executed 294 of 829[32m SUCCESS[39m (0 secs / 0.703 secs)
[1A[2KChrome Headless 139.0.0.0 (Windows 10): Executed 295 of 829[32m SUCCESS[39m (0 secs / 0.966 secs)
[1A[2KChrome Headless 139.0.0.0 (Windows 10): Executed 296 of 829[32m SUCCESS[39m (0 secs / 1.072 secs)
[1A[2KChrome Headless 139.0.0.0 (Windows 10): Executed 297 of 829[32m SUCCESS[39m (0 secs / 1.074 secs)
[1A[2KChrome Headless 139.0.0.0 (Windows 10): Executed 298 of 829[32m SUCCESS[39m (0 secs / 1.075 secs)
[1A[2KChrome Headless 139.0.0.0 (Windows 10): Executed 299 of 829[32m SUCCESS[39m (0 secs / 1.177 secs)
[1A[2KChrome Headless 139.0.0.0 (Windows 10): Executed 300 of 829[32m SUCCESS[39m (0 secs / 1.306 secs)
[1A[2KChrome Headless 139.0.0.0 (Windows 10): Executed 301 of 829[32m SUCCESS[39m (0 secs / 1.423 secs)
[1A[2KChrome Headless 139.0.0.0 (Windows 10): Executed 302 of 829[32m SUCCESS[39m (0 secs / 1.53 secs)
[1A[2KChrome Headless 139.0.0.0 (Windows 10): Executed 303 of 829[32m SUCCESS[39m (0 secs / 1.636 secs)
[1A[2KChrome Headless 139.0.0.0 (Windows 10): Executed 304 of 829[32m SUCCESS[39m (0 secs / 1.739 secs)
[1A[2KChrome Headless 139.0.0.0 (Windows 10): Executed 305 of 829[32m SUCCESS[39m (0 secs / 2.006 secs)
[1A[2KChrome Headless 139.0.0.0 (Windows 10): Executed 306 of 829[32m SUCCESS[39m (0 secs / 2.267 secs)
[1A[2KChrome Headless 139.0.0.0 (Windows 10): Executed 307 of 829[32m SUCCESS[39m (0 secs / 2.528 secs)
[1A[2KChrome Headless 139.0.0.0 (Windows 10): Executed 308 of 829[32m SUCCESS[39m (0 secs / 2.789 secs)
[1A[2KChrome Headless 139.0.0.0 (Windows 10): Executed 309 of 829[32m SUCCESS[39m (0 secs / 3.052 secs)
[1A[2KChrome Headless 139.0.0.0 (Windows 10): Executed 310 of 829[32m SUCCESS[39m (0 secs / 3.209 secs)
[1A[2KChrome Headless 139.0.0.0 (Windows 10): Executed 311 of 829[32m SUCCESS[39m (0 secs / 3.312 secs)
[1A[2KChrome Headless 139.0.0.0 (Windows 10): Executed 312 of 829[32m SUCCESS[39m (0 secs / 3.314 secs)
[1A[2KChrome Headless 139.0.0.0 (Windows 10): Executed 313 of 829[32m SUCCESS[39m (0 secs / 3.314 secs)
[1A[2KChrome Headless 139.0.0.0 (Windows 10): Executed 314 of 829[32m SUCCESS[39m (0 secs / 3.314 secs)
[1A[2KChrome Headless 139.0.0.0 (Windows 10): Executed 315 of 829[32m SUCCESS[39m (0 secs / 3.315 secs)
[1A[2KChrome Headless 139.0.0.0 (Windows 10): Executed 316 of 829[32m SUCCESS[39m (0 secs / 3.316 secs)
[1A[2KChrome Headless 139.0.0.0 (Windows 10): Executed 317 of 829[32m SUCCESS[39m (0 secs / 3.316 secs)
[1A[2KChrome Headless 139.0.0.0 (Windows 10): Executed 318 of 829[32m SUCCESS[39m (0 secs / 3.316 secs)
[1A[2KChrome Headless 139.0.0.0 (Windows 10): Executed 319 of 829[32m SUCCESS[39m (0 secs / 3.317 secs)
[1A[2KChrome Headless 139.0.0.0 (Windows 10): Executed 320 of 829[32m SUCCESS[39m (0 secs / 3.317 secs)
[1A[2KChrome Headless 139.0.0.0 (Windows 10): Executed 321 of 829[32m SUCCESS[39m (0 secs / 3.317 secs)
[1A[2KChrome Headless 139.0.0.0 (Windows 10): Executed 322 of 829[32m SUCCESS[39m (0 secs / 3.319 secs)
[1A[2KChrome Headless 139.0.0.0 (Windows 10): Executed 323 of 829[32m SUCCESS[39m (0 secs / 3.321 secs)
[1A[2KChrome Headless 139.0.0.0 (Windows 10): Executed 324 of 829[32m SUCCESS[39m (0 secs / 3.322 secs)
[1A[2KChrome Headless 139.0.0.0 (Windows 10): Executed 325 of 829[32m SUCCESS[39m (0 secs / 3.323 secs)
[1A[2KChrome Headless 139.0.0.0 (Windows 10): Executed 326 of 829[32m SUCCESS[39m (0 secs / 3.324 secs)
[1A[2KChrome Headless 139.0.0.0 (Windows 10): Executed 327 of 829[32m SUCCESS[39m (0 secs / 3.324 secs)
[1A[2KChrome Headless 139.0.0.0 (Windows 10): Executed 328 of 829[32m SUCCESS[39m (0 secs / 3.325 secs)
[1A[2KChrome Headless 139.0.0.0 (Windows 10): Executed 329 of 829[32m SUCCESS[39m (0 secs / 3.326 secs)
[1A[2KChrome Headless 139.0.0.0 (Windows 10): Executed 330 of 829[32m SUCCESS[39m (0 secs / 3.326 secs)
[1A[2KChrome Headless 139.0.0.0 (Windows 10): Executed 331 of 829[32m SUCCESS[39m (0 secs / 3.326 secs)
[1A[2KChrome Headless 139.0.0.0 (Windows 10): Executed 332 of 829[32m SUCCESS[39m (0 secs / 3.327 secs)
[1A[2KChrome Headless 139.0.0.0 (Windows 10): Executed 333 of 829[32m SUCCESS[39m (0 secs / 3.327 secs)
[1A[2KChrome Headless 139.0.0.0 (Windows 10): Executed 334 of 829[32m SUCCESS[39m (0 secs / 3.327 secs)
[1A[2KChrome Headless 139.0.0.0 (Windows 10): Executed 335 of 829[32m SUCCESS[39m (0 secs / 3.327 secs)
[1A[2KChrome Headless 139.0.0.0 (Windows 10): Executed 336 of 829[32m SUCCESS[39m (0 secs / 3.327 secs)
[1A[2KChrome Headless 139.0.0.0 (Windows 10): Executed 337 of 829[32m SUCCESS[39m (0 secs / 3.327 secs)
[1A[2KChrome Headless 139.0.0.0 (Windows 10): Executed 338 of 829[32m SUCCESS[39m (0 secs / 3.327 secs)
[1A[2KChrome Headless 139.0.0.0 (Windows 10): Executed 339 of 829[32m SUCCESS[39m (0 secs / 3.327 secs)
[1A[2KChrome Headless 139.0.0.0 (Windows 10): Executed 340 of 829[32m SUCCESS[39m (0 secs / 3.327 secs)
[1A[2KChrome Headless 139.0.0.0 (Windows 10): Executed 341 of 829[32m SUCCESS[39m (0 secs / 3.327 secs)
[1A[2KChrome Headless 139.0.0.0 (Windows 10): Executed 342 of 829[32m SUCCESS[39m (0 secs / 3.328 secs)
[1A[2KChrome Headless 139.0.0.0 (Windows 10): Executed 343 of 829[32m SUCCESS[39m (0 secs / 3.329 secs)
[1A[2KChrome Headless 139.0.0.0 (Windows 10): Executed 344 of 829[32m SUCCESS[39m (0 secs / 3.33 secs)
[1A[2KChrome Headless 139.0.0.0 (Windows 10): Executed 345 of 829[32m SUCCESS[39m (0 secs / 3.33 secs)
[1A[2KChrome Headless 139.0.0.0 (Windows 10): Executed 346 of 829[32m SUCCESS[39m (0 secs / 3.331 secs)
[1A[2KChrome Headless 139.0.0.0 (Windows 10): Executed 347 of 829[32m SUCCESS[39m (0 secs / 3.332 secs)
[1A[2KChrome Headless 139.0.0.0 (Windows 10): Executed 348 of 829[32m SUCCESS[39m (0 secs / 3.332 secs)
[1A[2KChrome Headless 139.0.0.0 (Windows 10): Executed 349 of 829[32m SUCCESS[39m (0 secs / 3.333 secs)
[1A[2KChrome Headless 139.0.0.0 (Windows 10): Executed 350 of 829[32m SUCCESS[39m (0 secs / 3.333 secs)
[1A[2KChrome Headless 139.0.0.0 (Windows 10): Executed 351 of 829[32m SUCCESS[39m (0 secs / 3.334 secs)
[1A[2KChrome Headless 139.0.0.0 (Windows 10): Executed 352 of 829[32m SUCCESS[39m (0 secs / 3.334 secs)
[1A[2KChrome Headless 139.0.0.0 (Windows 10): Executed 353 of 829[32m SUCCESS[39m (0 secs / 3.335 secs)
[1A[2KChrome Headless 139.0.0.0 (Windows 10): Executed 354 of 829[32m SUCCESS[39m (0 secs / 3.336 secs)
[1A[2KChrome Headless 139.0.0.0 (Windows 10): Executed 355 of 829[32m SUCCESS[39m (0 secs / 3.346 secs)
[1A[2KChrome Headless 139.0.0.0 (Windows 10): Executed 356 of 829[32m SUCCESS[39m (0 secs / 3.349 secs)
[1A[2KChrome Headless 139.0.0.0 (Windows 10): Executed 357 of 829[32m SUCCESS[39m (0 secs / 3.352 secs)
[1A[2KChrome Headless 139.0.0.0 (Windows 10): Executed 358 of 829[32m SUCCESS[39m (0 secs / 3.355 secs)
[1A[2KChrome Headless 139.0.0.0 (Windows 10): Executed 359 of 829[32m SUCCESS[39m (0 secs / 3.358 secs)
[1A[2KChrome Headless 139.0.0.0 (Windows 10): Executed 360 of 829[32m SUCCESS[39m (0 secs / 3.36 secs)
[1A[2KChrome Headless 139.0.0.0 (Windows 10): Executed 361 of 829[32m SUCCESS[39m (0 secs / 3.364 secs)
[1A[2KChrome Headless 139.0.0.0 (Windows 10): Executed 362 of 829[32m SUCCESS[39m (0 secs / 3.366 secs)
[1A[2KChrome Headless 139.0.0.0 (Windows 10): Executed 363 of 829[32m SUCCESS[39m (0 secs / 3.368 secs)
[1A[2KChrome Headless 139.0.0.0 (Windows 10): Executed 364 of 829[32m SUCCESS[39m (0 secs / 3.37 secs)
[1A[2KChrome Headless 139.0.0.0 (Windows 10): Executed 365 of 829[32m SUCCESS[39m (0 secs / 3.373 secs)
[1A[2KChrome Headless 139.0.0.0 (Windows 10): Executed 366 of 829[32m SUCCESS[39m (0 secs / 3.375 secs)
[1A[2KChrome Headless 139.0.0.0 (Windows 10): Executed 367 of 829[32m SUCCESS[39m (0 secs / 3.377 secs)
[1A[2KChrome Headless 139.0.0.0 (Windows 10): Executed 368 of 829[32m SUCCESS[39m (0 secs / 3.379 secs)
[1A[2KChrome Headless 139.0.0.0 (Windows 10): Executed 369 of 829[32m SUCCESS[39m (0 secs / 3.381 secs)
[1A[2KChrome Headless 139.0.0.0 (Windows 10): Executed 370 of 829[32m SUCCESS[39m (0 secs / 3.383 secs)
[1A[2KChrome Headless 139.0.0.0 (Windows 10): Executed 371 of 829[32m SUCCESS[39m (0 secs / 3.385 secs)
[1A[2K[31mChrome Headless 139.0.0.0 (Windows 10) NumberInputComponent Template Rendering should render increment and decrement buttons FAILED[39m
	Expected null to contain 'Diminuir'.
	    at <Jasmine>
	    at UserContext.<anonymous> (src/app/shared/components/form/number-input/number-input.component.spec.ts:197:67)
	    at _ZoneDelegate.invoke (node_modules/zone.js/fesm2015/zone.js:398:28)
	    at _ProxyZoneSpec.onInvoke (node_modules/zone.js/fesm2015/zone-testing.js:2132:39)
	    at _ZoneDelegate.invoke (node_modules/zone.js/fesm2015/zone.js:397:34)
	Expected null to contain 'Aumentar'.
	    at <Jasmine>
	    at UserContext.<anonymous> (src/app/shared/components/form/number-input/number-input.component.spec.ts:198:67)
	    at _ZoneDelegate.invoke (node_modules/zone.js/fesm2015/zone.js:398:28)
	    at _ProxyZoneSpec.onInvoke (node_modules/zone.js/fesm2015/zone-testing.js:2132:39)
	    at _ZoneDelegate.invoke (node_modules/zone.js/fesm2015/zone.js:397:34)
Chrome Headless 139.0.0.0 (Windows 10): Executed 372 of 829[31m (1 FAILED)[39m (0 secs / 3.388 secs)
[1A[2K[31mChrome Headless 139.0.0.0 (Windows 10) NumberInputComponent Template Rendering should render input element with correct attributes FAILED[39m
	Expected '' to be 'number-input-test-number-input'.
	    at <Jasmine>
	    at UserContext.<anonymous> (src/app/shared/components/form/number-input/number-input.component.spec.ts:188:45)
	    at _ZoneDelegate.invoke (node_modules/zone.js/fesm2015/zone.js:398:28)
	    at _ProxyZoneSpec.onInvoke (node_modules/zone.js/fesm2015/zone-testing.js:2132:39)
	    at _ZoneDelegate.invoke (node_modules/zone.js/fesm2015/zone.js:397:34)
Chrome Headless 139.0.0.0 (Windows 10): Executed 373 of 829[31m (2 FAILED)[39m (0 secs / 3.39 secs)
[1A[2KChrome Headless 139.0.0.0 (Windows 10): Executed 374 of 829[31m (2 FAILED)[39m (0 secs / 3.392 secs)
[1A[2KChrome Headless 139.0.0.0 (Windows 10): Executed 375 of 829[31m (2 FAILED)[39m (0 secs / 3.394 secs)
[1A[2KChrome Headless 139.0.0.0 (Windows 10): Executed 376 of 829[31m (2 FAILED)[39m (0 secs / 3.396 secs)
[1A[2KChrome Headless 139.0.0.0 (Windows 10): Executed 377 of 829[31m (2 FAILED)[39m (0 secs / 3.398 secs)
[1A[2KChrome Headless 139.0.0.0 (Windows 10): Executed 378 of 829[31m (2 FAILED)[39m (0 secs / 3.4 secs)
[1A[2KChrome Headless 139.0.0.0 (Windows 10): Executed 379 of 829[31m (2 FAILED)[39m (0 secs / 3.402 secs)
[1A[2KChrome Headless 139.0.0.0 (Windows 10): Executed 380 of 829[31m (2 FAILED)[39m (0 secs / 3.403 secs)
[1A[2KChrome Headless 139.0.0.0 (Windows 10): Executed 381 of 829[31m (2 FAILED)[39m (0 secs / 3.403 secs)
[1A[2KChrome Headless 139.0.0.0 (Windows 10): Executed 382 of 829[31m (2 FAILED)[39m (0 secs / 3.403 secs)
[1A[2KChrome Headless 139.0.0.0 (Windows 10): Executed 383 of 829[31m (2 FAILED)[39m (0 secs / 3.403 secs)
[1A[2KChrome Headless 139.0.0.0 (Windows 10): Executed 384 of 829[31m (2 FAILED)[39m (0 secs / 3.403 secs)
[1A[2KChrome Headless 139.0.0.0 (Windows 10): Executed 385 of 829[31m (2 FAILED)[39m (0 secs / 3.404 secs)
[1A[2KChrome Headless 139.0.0.0 (Windows 10): Executed 386 of 829[31m (2 FAILED)[39m (0 secs / 3.404 secs)
[1A[2KChrome Headless 139.0.0.0 (Windows 10): Executed 387 of 829[31m (2 FAILED)[39m (0 secs / 3.404 secs)
[1A[2KChrome Headless 139.0.0.0 (Windows 10): Executed 388 of 829[31m (2 FAILED)[39m (0 secs / 3.404 secs)
[1A[2KChrome Headless 139.0.0.0 (Windows 10): Executed 389 of 829[31m (2 FAILED)[39m (0 secs / 3.405 secs)
[1A[2KChrome Headless 139.0.0.0 (Windows 10): Executed 390 of 829[31m (2 FAILED)[39m (0 secs / 3.405 secs)
[1A[2KChrome Headless 139.0.0.0 (Windows 10): Executed 391 of 829[31m (2 FAILED)[39m (0 secs / 3.405 secs)
[1A[2KChrome Headless 139.0.0.0 (Windows 10): Executed 392 of 829[31m (2 FAILED)[39m (0 secs / 3.405 secs)
[1A[2KChrome Headless 139.0.0.0 (Windows 10): Executed 393 of 829[31m (2 FAILED)[39m (0 secs / 3.405 secs)
[1A[2KChrome Headless 139.0.0.0 (Windows 10): Executed 394 of 829[31m (2 FAILED)[39m (0 secs / 3.405 secs)
[1A[2KChrome Headless 139.0.0.0 (Windows 10): Executed 395 of 829[31m (2 FAILED)[39m (0 secs / 3.405 secs)
[1A[2KChrome Headless 139.0.0.0 (Windows 10): Executed 396 of 829[31m (2 FAILED)[39m (0 secs / 3.405 secs)
[1A[2KChrome Headless 139.0.0.0 (Windows 10): Executed 397 of 829[31m (2 FAILED)[39m (0 secs / 3.405 secs)
[1A[2KChrome Headless 139.0.0.0 (Windows 10): Executed 398 of 829[31m (2 FAILED)[39m (0 secs / 3.405 secs)
[1A[2KChrome Headless 139.0.0.0 (Windows 10): Executed 399 of 829[31m (2 FAILED)[39m (0 secs / 3.405 secs)
[1A[2KChrome Headless 139.0.0.0 (Windows 10): Executed 400 of 829[31m (2 FAILED)[39m (0 secs / 3.406 secs)
[1A[2KChrome Headless 139.0.0.0 (Windows 10): Executed 401 of 829[31m (2 FAILED)[39m (0 secs / 3.406 secs)
[1A[2KChrome Headless 139.0.0.0 (Windows 10): Executed 402 of 829[31m (2 FAILED)[39m (0 secs / 3.406 secs)
[1A[2KChrome Headless 139.0.0.0 (Windows 10): Executed 403 of 829[31m (2 FAILED)[39m (0 secs / 3.406 secs)
[1A[2KChrome Headless 139.0.0.0 (Windows 10): Executed 404 of 829[31m (2 FAILED)[39m (0 secs / 3.413 secs)
[1A[2KChrome Headless 139.0.0.0 (Windows 10): Executed 405 of 829[31m (2 FAILED)[39m (0 secs / 3.416 secs)
[1A[2KChrome Headless 139.0.0.0 (Windows 10): Executed 406 of 829[31m (2 FAILED)[39m (0 secs / 3.419 secs)
[1A[2KChrome Headless 139.0.0.0 (Windows 10): Executed 407 of 829[31m (2 FAILED)[39m (0 secs / 3.421 secs)
[1A[2KChrome Headless 139.0.0.0 (Windows 10): Executed 408 of 829[31m (2 FAILED)[39m (0 secs / 3.424 secs)
[1A[2KChrome Headless 139.0.0.0 (Windows 10): Executed 409 of 829[31m (2 FAILED)[39m (0 secs / 3.427 secs)
[1A[2KChrome Headless 139.0.0.0 (Windows 10): Executed 410 of 829[31m (2 FAILED)[39m (0 secs / 3.43 secs)
[1A[2KChrome Headless 139.0.0.0 (Windows 10): Executed 411 of 829[31m (2 FAILED)[39m (0 secs / 3.433 secs)
[1A[2KChrome Headless 139.0.0.0 (Windows 10): Executed 412 of 829[31m (2 FAILED)[39m (0 secs / 3.435 secs)
[1A[2KChrome Headless 139.0.0.0 (Windows 10): Executed 413 of 829[31m (2 FAILED)[39m (0 secs / 3.437 secs)
[1A[2KChrome Headless 139.0.0.0 (Windows 10): Executed 414 of 829[31m (2 FAILED)[39m (0 secs / 3.44 secs)
[1A[2KChrome Headless 139.0.0.0 (Windows 10): Executed 415 of 829[31m (2 FAILED)[39m (0 secs / 3.442 secs)
[1A[2KChrome Headless 139.0.0.0 (Windows 10): Executed 416 of 829[31m (2 FAILED)[39m (0 secs / 3.444 secs)
[1A[2KChrome Headless 139.0.0.0 (Windows 10): Executed 417 of 829[31m (2 FAILED)[39m (0 secs / 3.447 secs)
[1A[2KChrome Headless 139.0.0.0 (Windows 10): Executed 418 of 829[31m (2 FAILED)[39m (0 secs / 3.449 secs)
[1A[2KChrome Headless 139.0.0.0 (Windows 10): Executed 419 of 829[31m (2 FAILED)[39m (0 secs / 3.451 secs)
[1A[2KChrome Headless 139.0.0.0 (Windows 10): Executed 420 of 829[31m (2 FAILED)[39m (0 secs / 3.452 secs)
[1A[2KChrome Headless 139.0.0.0 (Windows 10): Executed 421 of 829[31m (2 FAILED)[39m (0 secs / 3.452 secs)
[1A[2KChrome Headless 139.0.0.0 (Windows 10): Executed 422 of 829[31m (2 FAILED)[39m (0 secs / 3.453 secs)
[1A[2KChrome Headless 139.0.0.0 (Windows 10): Executed 423 of 829[31m (2 FAILED)[39m (0 secs / 3.453 secs)
[1A[2KChrome Headless 139.0.0.0 (Windows 10): Executed 424 of 829[31m (2 FAILED)[39m (0 secs / 3.453 secs)
[1A[2KChrome Headless 139.0.0.0 (Windows 10): Executed 425 of 829[31m (2 FAILED)[39m (0 secs / 3.453 secs)
[1A[2KChrome Headless 139.0.0.0 (Windows 10): Executed 426 of 829[31m (2 FAILED)[39m (0 secs / 3.453 secs)
[1A[2KChrome Headless 139.0.0.0 (Windows 10): Executed 427 of 829[31m (2 FAILED)[39m (0 secs / 3.453 secs)
[1A[2KChrome Headless 139.0.0.0 (Windows 10): Executed 428 of 829[31m (2 FAILED)[39m (0 secs / 3.453 secs)
[1A[2KChrome Headless 139.0.0.0 (Windows 10): Executed 429 of 829[31m (2 FAILED)[39m (0 secs / 3.453 secs)
[1A[2KChrome Headless 139.0.0.0 (Windows 10): Executed 430 of 829[31m (2 FAILED)[39m (0 secs / 3.453 secs)
[1A[2KChrome Headless 139.0.0.0 (Windows 10): Executed 431 of 829[31m (2 FAILED)[39m (0 secs / 3.453 secs)
[1A[2KChrome Headless 139.0.0.0 (Windows 10): Executed 432 of 829[31m (2 FAILED)[39m (0 secs / 3.453 secs)
[1A[2KChrome Headless 139.0.0.0 (Windows 10): Executed 433 of 829[31m (2 FAILED)[39m (0 secs / 3.454 secs)
[1A[2KChrome Headless 139.0.0.0 (Windows 10): Executed 434 of 829[31m (2 FAILED)[39m (0 secs / 3.454 secs)
[1A[2KChrome Headless 139.0.0.0 (Windows 10): Executed 435 of 829[31m (2 FAILED)[39m (0 secs / 3.454 secs)
[1A[2KChrome Headless 139.0.0.0 (Windows 10): Executed 436 of 829[31m (2 FAILED)[39m (0 secs / 3.454 secs)
[1A[2KChrome Headless 139.0.0.0 (Windows 10): Executed 437 of 829[31m (2 FAILED)[39m (0 secs / 3.454 secs)
[1A[2KChrome Headless 139.0.0.0 (Windows 10): Executed 438 of 829[31m (2 FAILED)[39m (0 secs / 3.454 secs)
[1A[2KChrome Headless 139.0.0.0 (Windows 10): Executed 439 of 829[31m (2 FAILED)[39m (0 secs / 3.454 secs)
[1A[2KChrome Headless 139.0.0.0 (Windows 10): Executed 440 of 829[31m (2 FAILED)[39m (0 secs / 3.454 secs)
[1A[2KChrome Headless 139.0.0.0 (Windows 10): Executed 441 of 829[31m (2 FAILED)[39m (0 secs / 3.454 secs)
[1A[2KChrome Headless 139.0.0.0 (Windows 10): Executed 442 of 829[31m (2 FAILED)[39m (0 secs / 3.454 secs)
[1A[2KChrome Headless 139.0.0.0 (Windows 10): Executed 443 of 829[31m (2 FAILED)[39m (0 secs / 3.454 secs)
[1A[2KChrome Headless 139.0.0.0 (Windows 10): Executed 444 of 829[31m (2 FAILED)[39m (0 secs / 3.455 secs)
[1A[2KChrome Headless 139.0.0.0 (Windows 10): Executed 445 of 829[31m (2 FAILED)[39m (0 secs / 3.455 secs)
[1A[2KChrome Headless 139.0.0.0 (Windows 10): Executed 446 of 829[31m (2 FAILED)[39m (0 secs / 3.455 secs)
[1A[2KChrome Headless 139.0.0.0 (Windows 10): Executed 447 of 829[31m (2 FAILED)[39m (0 secs / 3.455 secs)
[1A[2KChrome Headless 139.0.0.0 (Windows 10): Executed 448 of 829[31m (2 FAILED)[39m (0 secs / 3.455 secs)
[1A[2KChrome Headless 139.0.0.0 (Windows 10): Executed 449 of 829[31m (2 FAILED)[39m (0 secs / 3.455 secs)
[1A[2KChrome Headless 139.0.0.0 (Windows 10): Executed 450 of 829[31m (2 FAILED)[39m (0 secs / 3.456 secs)
[1A[2KChrome Headless 139.0.0.0 (Windows 10): Executed 451 of 829[31m (2 FAILED)[39m (0 secs / 3.456 secs)
[1A[2KChrome Headless 139.0.0.0 (Windows 10): Executed 452 of 829[31m (2 FAILED)[39m (0 secs / 3.456 secs)
[1A[2KChrome Headless 139.0.0.0 (Windows 10): Executed 453 of 829[31m (2 FAILED)[39m (0 secs / 3.458 secs)
[1A[2KChrome Headless 139.0.0.0 (Windows 10): Executed 454 of 829[31m (2 FAILED)[39m (0 secs / 3.459 secs)
[1A[2KChrome Headless 139.0.0.0 (Windows 10): Executed 455 of 829[31m (2 FAILED)[39m (0 secs / 3.461 secs)
[1A[2KChrome Headless 139.0.0.0 (Windows 10): Executed 456 of 829[31m (2 FAILED)[39m (0 secs / 3.462 secs)
[1A[2KChrome Headless 139.0.0.0 (Windows 10): Executed 457 of 829[31m (2 FAILED)[39m (0 secs / 3.463 secs)
[1A[2KChrome Headless 139.0.0.0 (Windows 10): Executed 458 of 829[31m (2 FAILED)[39m (0 secs / 3.464 secs)
[1A[2KChrome Headless 139.0.0.0 (Windows 10): Executed 459 of 829[31m (2 FAILED)[39m (0 secs / 3.47 secs)
[1A[2KChrome Headless 139.0.0.0 (Windows 10): Executed 460 of 829[31m (2 FAILED)[39m (0 secs / 3.471 secs)
[1A[2KChrome Headless 139.0.0.0 (Windows 10): Executed 461 of 829[31m (2 FAILED)[39m (0 secs / 3.472 secs)
[1A[2KChrome Headless 139.0.0.0 (Windows 10): Executed 462 of 829[31m (2 FAILED)[39m (0 secs / 3.473 secs)
[1A[2KChrome Headless 139.0.0.0 (Windows 10): Executed 463 of 829[31m (2 FAILED)[39m (0 secs / 3.474 secs)
[1A[2KChrome Headless 139.0.0.0 (Windows 10): Executed 464 of 829[31m (2 FAILED)[39m (0 secs / 3.486 secs)
[1A[2KChrome Headless 139.0.0.0 (Windows 10): Executed 465 of 829[31m (2 FAILED)[39m (0 secs / 3.492 secs)
[1A[2KChrome Headless 139.0.0.0 (Windows 10): Executed 466 of 829[31m (2 FAILED)[39m (0 secs / 3.495 secs)
[1A[2KChrome Headless 139.0.0.0 (Windows 10): Executed 467 of 829[31m (2 FAILED)[39m (0 secs / 3.499 secs)
[1A[2KChrome Headless 139.0.0.0 (Windows 10): Executed 468 of 829[31m (2 FAILED)[39m (0 secs / 3.502 secs)
[1A[2KChrome Headless 139.0.0.0 (Windows 10): Executed 469 of 829[31m (2 FAILED)[39m (0 secs / 3.505 secs)
[1A[2KChrome Headless 139.0.0.0 (Windows 10): Executed 470 of 829[31m (2 FAILED)[39m (0 secs / 3.508 secs)
[1A[2KChrome Headless 139.0.0.0 (Windows 10): Executed 471 of 829[31m (2 FAILED)[39m (0 secs / 3.511 secs)
[1A[2KChrome Headless 139.0.0.0 (Windows 10): Executed 472 of 829[31m (2 FAILED)[39m (0 secs / 3.514 secs)
[1A[2KChrome Headless 139.0.0.0 (Windows 10): Executed 473 of 829[31m (2 FAILED)[39m (0 secs / 3.517 secs)
[1A[2KChrome Headless 139.0.0.0 (Windows 10): Executed 474 of 829[31m (2 FAILED)[39m (0 secs / 3.52 secs)
[1A[2KChrome Headless 139.0.0.0 (Windows 10): Executed 475 of 829[31m (2 FAILED)[39m (0 secs / 3.523 secs)
[1A[2KChrome Headless 139.0.0.0 (Windows 10): Executed 476 of 829[31m (2 FAILED)[39m (0 secs / 3.526 secs)
[1A[2KChrome Headless 139.0.0.0 (Windows 10): Executed 477 of 829[31m (2 FAILED)[39m (0 secs / 3.529 secs)
[1A[2KChrome Headless 139.0.0.0 (Windows 10): Executed 478 of 829[31m (2 FAILED)[39m (0 secs / 3.532 secs)
[1A[2KChrome Headless 139.0.0.0 (Windows 10): Executed 479 of 829[31m (2 FAILED)[39m (0 secs / 3.536 secs)
[1A[2KChrome Headless 139.0.0.0 (Windows 10): Executed 480 of 829[31m (2 FAILED)[39m (0 secs / 3.539 secs)
[1A[2KChrome Headless 139.0.0.0 (Windows 10): Executed 481 of 829[31m (2 FAILED)[39m (0 secs / 3.541 secs)
[1A[2KChrome Headless 139.0.0.0 (Windows 10): Executed 482 of 829[31m (2 FAILED)[39m (0 secs / 3.544 secs)
[1A[2KChrome Headless 139.0.0.0 (Windows 10): Executed 483 of 829[31m (2 FAILED)[39m (0 secs / 3.546 secs)
[1A[2KChrome Headless 139.0.0.0 (Windows 10): Executed 484 of 829[31m (2 FAILED)[39m (0 secs / 3.549 secs)
[1A[2KChrome Headless 139.0.0.0 (Windows 10): Executed 485 of 829[31m (2 FAILED)[39m (0 secs / 3.552 secs)
[1A[2KChrome Headless 139.0.0.0 (Windows 10): Executed 486 of 829[31m (2 FAILED)[39m (0 secs / 3.555 secs)
[1A[2KChrome Headless 139.0.0.0 (Windows 10): Executed 487 of 829[31m (2 FAILED)[39m (0 secs / 3.558 secs)
[1A[2KChrome Headless 139.0.0.0 (Windows 10): Executed 488 of 829[31m (2 FAILED)[39m (0 secs / 3.562 secs)
[1A[2KChrome Headless 139.0.0.0 (Windows 10): Executed 489 of 829[31m (2 FAILED)[39m (0 secs / 3.567 secs)
[1A[2KChrome Headless 139.0.0.0 (Windows 10): Executed 490 of 829[31m (2 FAILED)[39m (0 secs / 3.57 secs)
[1A[2KChrome Headless 139.0.0.0 (Windows 10): Executed 491 of 829[31m (2 FAILED)[39m (0 secs / 3.574 secs)
[1A[2KChrome Headless 139.0.0.0 (Windows 10): Executed 492 of 829[31m (2 FAILED)[39m (0 secs / 3.577 secs)
[1A[2KChrome Headless 139.0.0.0 (Windows 10): Executed 493 of 829[31m (2 FAILED)[39m (0 secs / 3.58 secs)
[1A[2KChrome Headless 139.0.0.0 (Windows 10): Executed 494 of 829[31m (2 FAILED)[39m (0 secs / 3.583 secs)
[1A[2KChrome Headless 139.0.0.0 (Windows 10): Executed 495 of 829[31m (2 FAILED)[39m (0 secs / 3.586 secs)
[1A[2KChrome Headless 139.0.0.0 (Windows 10): Executed 496 of 829[31m (2 FAILED)[39m (0 secs / 3.587 secs)
[1A[2KChrome Headless 139.0.0.0 (Windows 10): Executed 497 of 829[31m (2 FAILED)[39m (0 secs / 3.587 secs)
[1A[2KChrome Headless 139.0.0.0 (Windows 10): Executed 498 of 829[31m (2 FAILED)[39m (0 secs / 3.587 secs)
[1A[2KChrome Headless 139.0.0.0 (Windows 10): Executed 499 of 829[31m (2 FAILED)[39m (0 secs / 3.588 secs)
[1A[2KChrome Headless 139.0.0.0 (Windows 10): Executed 500 of 829[31m (2 FAILED)[39m (0 secs / 3.588 secs)
[1A[2KChrome Headless 139.0.0.0 (Windows 10): Executed 501 of 829[31m (2 FAILED)[39m (0 secs / 3.589 secs)
[1A[2KChrome Headless 139.0.0.0 (Windows 10): Executed 502 of 829[31m (2 FAILED)[39m (0 secs / 3.59 secs)
[1A[2KChrome Headless 139.0.0.0 (Windows 10): Executed 503 of 829[31m (2 FAILED)[39m (0 secs / 3.591 secs)
[1A[2KChrome Headless 139.0.0.0 (Windows 10): Executed 504 of 829[31m (2 FAILED)[39m (0 secs / 3.592 secs)
[1A[2KChrome Headless 139.0.0.0 (Windows 10): Executed 505 of 829[31m (2 FAILED)[39m (0 secs / 3.593 secs)
[1A[2KChrome Headless 139.0.0.0 (Windows 10): Executed 506 of 829[31m (2 FAILED)[39m (0 secs / 3.594 secs)
[1A[2KChrome Headless 139.0.0.0 (Windows 10): Executed 507 of 829[31m (2 FAILED)[39m (0 secs / 3.595 secs)
[1A[2KChrome Headless 139.0.0.0 (Windows 10): Executed 508 of 829[31m (2 FAILED)[39m (0 secs / 3.595 secs)
[1A[2KChrome Headless 139.0.0.0 (Windows 10): Executed 509 of 829[31m (2 FAILED)[39m (0 secs / 3.596 secs)
[1A[2KChrome Headless 139.0.0.0 (Windows 10): Executed 510 of 829[31m (2 FAILED)[39m (0 secs / 3.597 secs)
[1A[2KChrome Headless 139.0.0.0 (Windows 10): Executed 511 of 829[31m (2 FAILED)[39m (0 secs / 3.598 secs)
[1A[2KChrome Headless 139.0.0.0 (Windows 10): Executed 512 of 829[31m (2 FAILED)[39m (0 secs / 3.599 secs)
[1A[2KChrome Headless 139.0.0.0 (Windows 10): Executed 513 of 829[31m (2 FAILED)[39m (0 secs / 3.6 secs)
[1A[2KChrome Headless 139.0.0.0 (Windows 10): Executed 514 of 829[31m (2 FAILED)[39m (0 secs / 3.601 secs)
[1A[2KChrome Headless 139.0.0.0 (Windows 10): Executed 515 of 829[31m (2 FAILED)[39m (0 secs / 3.602 secs)
[1A[2KChrome Headless 139.0.0.0 (Windows 10): Executed 516 of 829[31m (2 FAILED)[39m (0 secs / 3.608 secs)
[1A[2KChrome Headless 139.0.0.0 (Windows 10): Executed 517 of 829[31m (2 FAILED)[39m (0 secs / 3.611 secs)
[1A[2KChrome Headless 139.0.0.0 (Windows 10): Executed 518 of 829[31m (2 FAILED)[39m (0 secs / 3.613 secs)
[1A[2KChrome Headless 139.0.0.0 (Windows 10): Executed 519 of 829[31m (2 FAILED)[39m (0 secs / 3.615 secs)
[1A[2KChrome Headless 139.0.0.0 (Windows 10): Executed 520 of 829[31m (2 FAILED)[39m (0 secs / 3.617 secs)
[1A[2KChrome Headless 139.0.0.0 (Windows 10): Executed 521 of 829[31m (2 FAILED)[39m (0 secs / 3.619 secs)
[1A[2KChrome Headless 139.0.0.0 (Windows 10): Executed 522 of 829[31m (2 FAILED)[39m (0 secs / 3.622 secs)
[1A[2KChrome Headless 139.0.0.0 (Windows 10): Executed 523 of 829[31m (2 FAILED)[39m (0 secs / 3.625 secs)
[1A[2KChrome Headless 139.0.0.0 (Windows 10): Executed 524 of 829[31m (2 FAILED)[39m (0 secs / 3.628 secs)
[1A[2KChrome Headless 139.0.0.0 (Windows 10): Executed 525 of 829[31m (2 FAILED)[39m (0 secs / 3.638 secs)
[1A[2KChrome Headless 139.0.0.0 (Windows 10): Executed 526 of 829[31m (2 FAILED)[39m (0 secs / 3.64 secs)
[1A[2KChrome Headless 139.0.0.0 (Windows 10): Executed 527 of 829[31m (2 FAILED)[39m (0 secs / 3.642 secs)
[1A[2KChrome Headless 139.0.0.0 (Windows 10): Executed 528 of 829[31m (2 FAILED)[39m (0 secs / 3.645 secs)
[1A[2KChrome Headless 139.0.0.0 (Windows 10): Executed 529 of 829[31m (2 FAILED)[39m (0 secs / 3.648 secs)
[1A[2KChrome Headless 139.0.0.0 (Windows 10): Executed 530 of 829[31m (2 FAILED)[39m (0 secs / 3.651 secs)
[1A[2KChrome Headless 139.0.0.0 (Windows 10): Executed 531 of 829[31m (2 FAILED)[39m (0 secs / 3.653 secs)
[1A[2KChrome Headless 139.0.0.0 (Windows 10): Executed 532 of 829[31m (2 FAILED)[39m (0 secs / 3.655 secs)
[1A[2KChrome Headless 139.0.0.0 (Windows 10): Executed 533 of 829[31m (2 FAILED)[39m (0 secs / 3.657 secs)
[1A[2KChrome Headless 139.0.0.0 (Windows 10): Executed 534 of 829[31m (2 FAILED)[39m (0 secs / 3.659 secs)
[1A[2KChrome Headless 139.0.0.0 (Windows 10): Executed 535 of 829[31m (2 FAILED)[39m (0 secs / 3.661 secs)
[1A[2KChrome Headless 139.0.0.0 (Windows 10): Executed 536 of 829[31m (2 FAILED)[39m (0 secs / 3.664 secs)
[1A[2KChrome Headless 139.0.0.0 (Windows 10): Executed 537 of 829[31m (2 FAILED)[39m (0 secs / 3.668 secs)
[1A[2KChrome Headless 139.0.0.0 (Windows 10): Executed 538 of 829[31m (2 FAILED)[39m (0 secs / 3.671 secs)
[1A[2KChrome Headless 139.0.0.0 (Windows 10): Executed 539 of 829[31m (2 FAILED)[39m (0 secs / 3.674 secs)
[1A[2KChrome Headless 139.0.0.0 (Windows 10): Executed 540 of 829[31m (2 FAILED)[39m (0 secs / 3.676 secs)
[1A[2KChrome Headless 139.0.0.0 (Windows 10): Executed 541 of 829[31m (2 FAILED)[39m (0 secs / 3.678 secs)
[1A[2KChrome Headless 139.0.0.0 (Windows 10): Executed 542 of 829[31m (2 FAILED)[39m (0 secs / 3.68 secs)
[1A[2KChrome Headless 139.0.0.0 (Windows 10): Executed 543 of 829[31m (2 FAILED)[39m (0 secs / 3.682 secs)
[1A[2KChrome Headless 139.0.0.0 (Windows 10): Executed 544 of 829[31m (2 FAILED)[39m (0 secs / 3.684 secs)
[1A[2KChrome Headless 139.0.0.0 (Windows 10): Executed 545 of 829[31m (2 FAILED)[39m (0 secs / 3.685 secs)
[1A[2KChrome Headless 139.0.0.0 (Windows 10): Executed 546 of 829[31m (2 FAILED)[39m (0 secs / 3.686 secs)
[1A[2KChrome Headless 139.0.0.0 (Windows 10): Executed 547 of 829[31m (2 FAILED)[39m (0 secs / 3.687 secs)
[1A[2KChrome Headless 139.0.0.0 (Windows 10): Executed 548 of 829[31m (2 FAILED)[39m (0 secs / 3.688 secs)
[1A[2KChrome Headless 139.0.0.0 (Windows 10): Executed 549 of 829[31m (2 FAILED)[39m (0 secs / 3.688 secs)
[1A[2KChrome Headless 139.0.0.0 (Windows 10): Executed 550 of 829[31m (2 FAILED)[39m (0 secs / 3.689 secs)
[1A[2KChrome Headless 139.0.0.0 (Windows 10): Executed 551 of 829[31m (2 FAILED)[39m (0 secs / 3.69 secs)
[1A[2KChrome Headless 139.0.0.0 (Windows 10): Executed 552 of 829[31m (2 FAILED)[39m (0 secs / 3.691 secs)
[1A[2KChrome Headless 139.0.0.0 (Windows 10): Executed 553 of 829[31m (2 FAILED)[39m (0 secs / 3.692 secs)
[1A[2KChrome Headless 139.0.0.0 (Windows 10): Executed 554 of 829[31m (2 FAILED)[39m (0 secs / 3.692 secs)
[1A[2KChrome Headless 139.0.0.0 (Windows 10): Executed 555 of 829[31m (2 FAILED)[39m (0 secs / 3.692 secs)
[1A[2KChrome Headless 139.0.0.0 (Windows 10): Executed 556 of 829[31m (2 FAILED)[39m (0 secs / 3.693 secs)
[1A[2KChrome Headless 139.0.0.0 (Windows 10): Executed 557 of 829[31m (2 FAILED)[39m (0 secs / 3.694 secs)
[1A[2KChrome Headless 139.0.0.0 (Windows 10): Executed 558 of 829[31m (2 FAILED)[39m (0 secs / 3.694 secs)
[1A[2KChrome Headless 139.0.0.0 (Windows 10): Executed 559 of 829[31m (2 FAILED)[39m (0 secs / 3.695 secs)
[1A[2KChrome Headless 139.0.0.0 (Windows 10): Executed 560 of 829[31m (2 FAILED)[39m (0 secs / 3.695 secs)
[1A[2KChrome Headless 139.0.0.0 (Windows 10): Executed 561 of 829[31m (2 FAILED)[39m (0 secs / 3.7 secs)
[1A[2KChrome Headless 139.0.0.0 (Windows 10): Executed 562 of 829[31m (2 FAILED)[39m (0 secs / 3.702 secs)
[1A[2KChrome Headless 139.0.0.0 (Windows 10): Executed 563 of 829[31m (2 FAILED)[39m (0 secs / 3.704 secs)
[1A[2KChrome Headless 139.0.0.0 (Windows 10): Executed 564 of 829[31m (2 FAILED)[39m (0 secs / 3.707 secs)
[1A[2KChrome Headless 139.0.0.0 (Windows 10): Executed 565 of 829[31m (2 FAILED)[39m (0 secs / 3.709 secs)
[1A[2KChrome Headless 139.0.0.0 (Windows 10): Executed 566 of 829[31m (2 FAILED)[39m (0 secs / 3.712 secs)
[1A[2KChrome Headless 139.0.0.0 (Windows 10): Executed 567 of 829[31m (2 FAILED)[39m (0 secs / 3.715 secs)
[1A[2KChrome Headless 139.0.0.0 (Windows 10): Executed 568 of 829[31m (2 FAILED)[39m (0 secs / 3.717 secs)
[1A[2KChrome Headless 139.0.0.0 (Windows 10): Executed 569 of 829[31m (2 FAILED)[39m (0 secs / 3.718 secs)
[1A[2KChrome Headless 139.0.0.0 (Windows 10): Executed 570 of 829[31m (2 FAILED)[39m (0 secs / 3.719 secs)
[1A[2KChrome Headless 139.0.0.0 (Windows 10): Executed 571 of 829[31m (2 FAILED)[39m (0 secs / 3.72 secs)
[1A[2KChrome Headless 139.0.0.0 (Windows 10): Executed 572 of 829[31m (2 FAILED)[39m (0 secs / 3.72 secs)
[1A[2KChrome Headless 139.0.0.0 (Windows 10): Executed 573 of 829[31m (2 FAILED)[39m (0 secs / 3.721 secs)
[1A[2KChrome Headless 139.0.0.0 (Windows 10): Executed 574 of 829[31m (2 FAILED)[39m (0 secs / 3.722 secs)
[1A[2KChrome Headless 139.0.0.0 (Windows 10): Executed 575 of 829[31m (2 FAILED)[39m (0 secs / 3.724 secs)
[1A[2KChrome Headless 139.0.0.0 (Windows 10): Executed 576 of 829[31m (2 FAILED)[39m (0 secs / 3.725 secs)
[1A[2KChrome Headless 139.0.0.0 (Windows 10): Executed 577 of 829[31m (2 FAILED)[39m (0 secs / 3.726 secs)
[1A[2KChrome Headless 139.0.0.0 (Windows 10): Executed 578 of 829[31m (2 FAILED)[39m (0 secs / 3.727 secs)
[1A[2KChrome Headless 139.0.0.0 (Windows 10): Executed 579 of 829[31m (2 FAILED)[39m (0 secs / 3.728 secs)
[1A[2KChrome Headless 139.0.0.0 (Windows 10): Executed 580 of 829[31m (2 FAILED)[39m (0 secs / 3.729 secs)
[1A[2KChrome Headless 139.0.0.0 (Windows 10): Executed 581 of 829[31m (2 FAILED)[39m (0 secs / 3.73 secs)
[1A[2KChrome Headless 139.0.0.0 (Windows 10): Executed 582 of 829[31m (2 FAILED)[39m (0 secs / 3.732 secs)
[1A[2KChrome Headless 139.0.0.0 (Windows 10): Executed 583 of 829[31m (2 FAILED)[39m (0 secs / 3.734 secs)
[1A[2KChrome Headless 139.0.0.0 (Windows 10): Executed 584 of 829[31m (2 FAILED)[39m (0 secs / 3.736 secs)
[1A[2KChrome Headless 139.0.0.0 (Windows 10): Executed 585 of 829[31m (2 FAILED)[39m (0 secs / 3.739 secs)
[1A[2KChrome Headless 139.0.0.0 (Windows 10): Executed 586 of 829[31m (2 FAILED)[39m (0 secs / 3.741 secs)
[1A[2KChrome Headless 139.0.0.0 (Windows 10): Executed 587 of 829[31m (2 FAILED)[39m (0 secs / 3.743 secs)
[1A[2KChrome Headless 139.0.0.0 (Windows 10): Executed 588 of 829[31m (2 FAILED)[39m (0 secs / 3.745 secs)
[1A[2KChrome Headless 139.0.0.0 (Windows 10): Executed 589 of 829[31m (2 FAILED)[39m (0 secs / 3.748 secs)
[1A[2KChrome Headless 139.0.0.0 (Windows 10): Executed 590 of 829[31m (2 FAILED)[39m (0 secs / 3.751 secs)
[1A[2KChrome Headless 139.0.0.0 (Windows 10): Executed 591 of 829[31m (2 FAILED)[39m (0 secs / 3.754 secs)
[1A[2KChrome Headless 139.0.0.0 (Windows 10): Executed 592 of 829[31m (2 FAILED)[39m (0 secs / 3.756 secs)
[1A[2KChrome Headless 139.0.0.0 (Windows 10): Executed 593 of 829[31m (2 FAILED)[39m (0 secs / 3.759 secs)
[1A[2KChrome Headless 139.0.0.0 (Windows 10): Executed 594 of 829[31m (2 FAILED)[39m (0 secs / 3.761 secs)
[1A[2KChrome Headless 139.0.0.0 (Windows 10): Executed 595 of 829[31m (2 FAILED)[39m (0 secs / 3.763 secs)
[1A[2KChrome Headless 139.0.0.0 (Windows 10): Executed 596 of 829[31m (2 FAILED)[39m (0 secs / 3.765 secs)
[1A[2KChrome Headless 139.0.0.0 (Windows 10): Executed 597 of 829[31m (2 FAILED)[39m (0 secs / 3.767 secs)
[1A[2KChrome Headless 139.0.0.0 (Windows 10): Executed 598 of 829[31m (2 FAILED)[39m (0 secs / 3.768 secs)
[1A[2KChrome Headless 139.0.0.0 (Windows 10): Executed 599 of 829[31m (2 FAILED)[39m (0 secs / 3.769 secs)
[1A[2KChrome Headless 139.0.0.0 (Windows 10): Executed 600 of 829[31m (2 FAILED)[39m (0 secs / 3.771 secs)
[1A[2KChrome Headless 139.0.0.0 (Windows 10): Executed 601 of 829[31m (2 FAILED)[39m (0 secs / 3.773 secs)
[1A[2KChrome Headless 139.0.0.0 (Windows 10): Executed 602 of 829[31m (2 FAILED)[39m (0 secs / 3.775 secs)
[1A[2KChrome Headless 139.0.0.0 (Windows 10): Executed 603 of 829[31m (2 FAILED)[39m (0 secs / 3.777 secs)
[1A[2KChrome Headless 139.0.0.0 (Windows 10): Executed 604 of 829[31m (2 FAILED)[39m (0 secs / 3.778 secs)
[1A[2KChrome Headless 139.0.0.0 (Windows 10): Executed 605 of 829[31m (2 FAILED)[39m (0 secs / 3.779 secs)
[1A[2KChrome Headless 139.0.0.0 (Windows 10): Executed 606 of 829[31m (2 FAILED)[39m (0 secs / 3.781 secs)
[1A[2KChrome Headless 139.0.0.0 (Windows 10): Executed 607 of 829[31m (2 FAILED)[39m (0 secs / 3.782 secs)
[1A[2KChrome Headless 139.0.0.0 (Windows 10): Executed 608 of 829[31m (2 FAILED)[39m (0 secs / 3.783 secs)
[1A[2KChrome Headless 139.0.0.0 (Windows 10): Executed 609 of 829[31m (2 FAILED)[39m (0 secs / 3.784 secs)
[1A[2KChrome Headless 139.0.0.0 (Windows 10): Executed 610 of 829[31m (2 FAILED)[39m (0 secs / 3.785 secs)
[1A[2KChrome Headless 139.0.0.0 (Windows 10): Executed 611 of 829[31m (2 FAILED)[39m (0 secs / 3.786 secs)
[1A[2KChrome Headless 139.0.0.0 (Windows 10): Executed 612 of 829[31m (2 FAILED)[39m (0 secs / 3.787 secs)
[1A[2KChrome Headless 139.0.0.0 (Windows 10): Executed 613 of 829[31m (2 FAILED)[39m (0 secs / 3.791 secs)
[1A[2KChrome Headless 139.0.0.0 (Windows 10): Executed 614 of 829[31m (2 FAILED)[39m (0 secs / 3.792 secs)
[1A[2KChrome Headless 139.0.0.0 (Windows 10): Executed 615 of 829[31m (2 FAILED)[39m (0 secs / 3.792 secs)
[1A[2KChrome Headless 139.0.0.0 (Windows 10): Executed 616 of 829[31m (2 FAILED)[39m (0 secs / 3.798 secs)
[1A[2KChrome Headless 139.0.0.0 (Windows 10): Executed 617 of 829[31m (2 FAILED)[39m (0 secs / 3.799 secs)
[1A[2KChrome Headless 139.0.0.0 (Windows 10): Executed 618 of 829[31m (2 FAILED)[39m (0 secs / 3.8 secs)
[1A[2KChrome Headless 139.0.0.0 (Windows 10): Executed 619 of 829[31m (2 FAILED)[39m (0 secs / 3.8 secs)
[1A[2KChrome Headless 139.0.0.0 (Windows 10): Executed 620 of 829[31m (2 FAILED)[39m (0 secs / 3.8 secs)
[1A[2KChrome Headless 139.0.0.0 (Windows 10): Executed 621 of 829[31m (2 FAILED)[39m (0 secs / 3.801 secs)
[1A[2KChrome Headless 139.0.0.0 (Windows 10): Executed 622 of 829[31m (2 FAILED)[39m (0 secs / 3.802 secs)
[1A[2KChrome Headless 139.0.0.0 (Windows 10): Executed 623 of 829[31m (2 FAILED)[39m (0 secs / 3.802 secs)
[1A[2KChrome Headless 139.0.0.0 (Windows 10): Executed 624 of 829[31m (2 FAILED)[39m (0 secs / 3.803 secs)
[1A[2KChrome Headless 139.0.0.0 (Windows 10): Executed 625 of 829[31m (2 FAILED)[39m (0 secs / 3.803 secs)
[1A[2KChrome Headless 139.0.0.0 (Windows 10): Executed 626 of 829[31m (2 FAILED)[39m (0 secs / 3.803 secs)
[1A[2KChrome Headless 139.0.0.0 (Windows 10): Executed 627 of 829[31m (2 FAILED)[39m (0 secs / 3.807 secs)
[1A[2KChrome Headless 139.0.0.0 (Windows 10): Executed 628 of 829[31m (2 FAILED)[39m (0 secs / 3.809 secs)
[1A[2KChrome Headless 139.0.0.0 (Windows 10): Executed 629 of 829[31m (2 FAILED)[39m (0 secs / 3.81 secs)
[1A[2KChrome Headless 139.0.0.0 (Windows 10): Executed 630 of 829[31m (2 FAILED)[39m (0 secs / 3.811 secs)
[1A[2KChrome Headless 139.0.0.0 (Windows 10): Executed 631 of 829[31m (2 FAILED)[39m (0 secs / 3.812 secs)
[1A[2KChrome Headless 139.0.0.0 (Windows 10): Executed 632 of 829[31m (2 FAILED)[39m (0 secs / 3.813 secs)
[1A[2KChrome Headless 139.0.0.0 (Windows 10): Executed 633 of 829[31m (2 FAILED)[39m (0 secs / 3.814 secs)
[1A[2KChrome Headless 139.0.0.0 (Windows 10): Executed 634 of 829[31m (2 FAILED)[39m (0 secs / 3.815 secs)
[1A[2KChrome Headless 139.0.0.0 (Windows 10): Executed 635 of 829[31m (2 FAILED)[39m (0 secs / 3.817 secs)
[1A[2KChrome Headless 139.0.0.0 (Windows 10): Executed 636 of 829[31m (2 FAILED)[39m (0 secs / 3.818 secs)
[1A[2KChrome Headless 139.0.0.0 (Windows 10): Executed 637 of 829[31m (2 FAILED)[39m (0 secs / 3.819 secs)
[1A[2KChrome Headless 139.0.0.0 (Windows 10): Executed 638 of 829[31m (2 FAILED)[39m (0 secs / 3.82 secs)
[1A[2KChrome Headless 139.0.0.0 (Windows 10): Executed 639 of 829[31m (2 FAILED)[39m (0 secs / 3.821 secs)
[1A[2KChrome Headless 139.0.0.0 (Windows 10): Executed 640 of 829[31m (2 FAILED)[39m (0 secs / 3.823 secs)
[1A[2KChrome Headless 139.0.0.0 (Windows 10): Executed 641 of 829[31m (2 FAILED)[39m (0 secs / 3.827 secs)
[1A[2KChrome Headless 139.0.0.0 (Windows 10): Executed 642 of 829[31m (2 FAILED)[39m (0 secs / 3.828 secs)
[1A[2KChrome Headless 139.0.0.0 (Windows 10): Executed 643 of 829[31m (2 FAILED)[39m (0 secs / 3.83 secs)
[1A[2KChrome Headless 139.0.0.0 (Windows 10): Executed 644 of 829[31m (2 FAILED)[39m (0 secs / 3.831 secs)
[1A[2KChrome Headless 139.0.0.0 (Windows 10): Executed 645 of 829[31m (2 FAILED)[39m (0 secs / 3.832 secs)
[1A[2KChrome Headless 139.0.0.0 (Windows 10): Executed 646 of 829[31m (2 FAILED)[39m (0 secs / 3.833 secs)
[1A[2KChrome Headless 139.0.0.0 (Windows 10): Executed 647 of 829[31m (2 FAILED)[39m (0 secs / 3.834 secs)
[1A[2KChrome Headless 139.0.0.0 (Windows 10): Executed 648 of 829[31m (2 FAILED)[39m (0 secs / 3.835 secs)
[1A[2KChrome Headless 139.0.0.0 (Windows 10): Executed 649 of 829[31m (2 FAILED)[39m (0 secs / 3.836 secs)
[1A[2KChrome Headless 139.0.0.0 (Windows 10): Executed 650 of 829[31m (2 FAILED)[39m (0 secs / 3.838 secs)
[1A[2KChrome Headless 139.0.0.0 (Windows 10): Executed 651 of 829[31m (2 FAILED)[39m (0 secs / 3.84 secs)
[1A[2KChrome Headless 139.0.0.0 (Windows 10): Executed 652 of 829[31m (2 FAILED)[39m (0 secs / 3.841 secs)
[1A[2KChrome Headless 139.0.0.0 (Windows 10): Executed 653 of 829[31m (2 FAILED)[39m (0 secs / 3.842 secs)
[1A[2KChrome Headless 139.0.0.0 (Windows 10): Executed 654 of 829[31m (2 FAILED)[39m (0 secs / 3.842 secs)
[1A[2KChrome Headless 139.0.0.0 (Windows 10): Executed 655 of 829[31m (2 FAILED)[39m (0 secs / 3.842 secs)
[1A[2KChrome Headless 139.0.0.0 (Windows 10): Executed 656 of 829[31m (2 FAILED)[39m (0 secs / 3.842 secs)
[1A[2KChrome Headless 139.0.0.0 (Windows 10): Executed 657 of 829[31m (2 FAILED)[39m (0 secs / 3.842 secs)
[1A[2KChrome Headless 139.0.0.0 (Windows 10): Executed 658 of 829[31m (2 FAILED)[39m (0 secs / 3.842 secs)
[1A[2KChrome Headless 139.0.0.0 (Windows 10): Executed 659 of 829[31m (2 FAILED)[39m (0 secs / 3.842 secs)
[1A[2KChrome Headless 139.0.0.0 (Windows 10): Executed 660 of 829[31m (2 FAILED)[39m (0 secs / 3.842 secs)
[1A[2KChrome Headless 139.0.0.0 (Windows 10): Executed 661 of 829[31m (2 FAILED)[39m (0 secs / 3.842 secs)
[1A[2KChrome Headless 139.0.0.0 (Windows 10): Executed 662 of 829[31m (2 FAILED)[39m (0 secs / 3.842 secs)
[1A[2KChrome Headless 139.0.0.0 (Windows 10): Executed 663 of 829[31m (2 FAILED)[39m (0 secs / 3.842 secs)
[1A[2KChrome Headless 139.0.0.0 (Windows 10): Executed 664 of 829[31m (2 FAILED)[39m (0 secs / 3.849 secs)
[1A[2KChrome Headless 139.0.0.0 (Windows 10): Executed 665 of 829[31m (2 FAILED)[39m (0 secs / 3.852 secs)
[1A[2KChrome Headless 139.0.0.0 (Windows 10): Executed 666 of 829[31m (2 FAILED)[39m (0 secs / 3.854 secs)
[1A[2KChrome Headless 139.0.0.0 (Windows 10): Executed 667 of 829[31m (2 FAILED)[39m (0 secs / 3.856 secs)
[1A[2KChrome Headless 139.0.0.0 (Windows 10): Executed 668 of 829[31m (2 FAILED)[39m (0 secs / 3.858 secs)
[1A[2KChrome Headless 139.0.0.0 (Windows 10): Executed 669 of 829[31m (2 FAILED)[39m (0 secs / 3.86 secs)
[1A[2KChrome Headless 139.0.0.0 (Windows 10): Executed 670 of 829[31m (2 FAILED)[39m (0 secs / 3.862 secs)
[1A[2KChrome Headless 139.0.0.0 (Windows 10): Executed 671 of 829[31m (2 FAILED)[39m (0 secs / 3.864 secs)
[1A[2KChrome Headless 139.0.0.0 (Windows 10): Executed 672 of 829[31m (2 FAILED)[39m (0 secs / 3.866 secs)
[1A[2KChrome Headless 139.0.0.0 (Windows 10): Executed 673 of 829[31m (2 FAILED)[39m (0 secs / 3.868 secs)
[1A[2KChrome Headless 139.0.0.0 (Windows 10): Executed 674 of 829[31m (2 FAILED)[39m (0 secs / 3.87 secs)
[1A[2KChrome Headless 139.0.0.0 (Windows 10): Executed 675 of 829[31m (2 FAILED)[39m (0 secs / 3.871 secs)
[1A[2KChrome Headless 139.0.0.0 (Windows 10): Executed 676 of 829[31m (2 FAILED)[39m (0 secs / 3.872 secs)
[1A[2KChrome Headless 139.0.0.0 (Windows 10): Executed 677 of 829[31m (2 FAILED)[39m (0 secs / 3.874 secs)
[1A[2KChrome Headless 139.0.0.0 (Windows 10): Executed 678 of 829[31m (2 FAILED)[39m (0 secs / 3.876 secs)
[1A[2KChrome Headless 139.0.0.0 (Windows 10): Executed 679 of 829[31m (2 FAILED)[39m (0 secs / 3.878 secs)
[1A[2KChrome Headless 139.0.0.0 (Windows 10): Executed 680 of 829[31m (2 FAILED)[39m (0 secs / 3.879 secs)
[1A[2KChrome Headless 139.0.0.0 (Windows 10): Executed 681 of 829[31m (2 FAILED)[39m (0 secs / 3.88 secs)
[1A[2KChrome Headless 139.0.0.0 (Windows 10): Executed 682 of 829[31m (2 FAILED)[39m (0 secs / 3.882 secs)
[1A[2KChrome Headless 139.0.0.0 (Windows 10): Executed 683 of 829[31m (2 FAILED)[39m (0 secs / 3.883 secs)
[1A[2KChrome Headless 139.0.0.0 (Windows 10): Executed 684 of 829[31m (2 FAILED)[39m (0 secs / 3.884 secs)
[1A[2KChrome Headless 139.0.0.0 (Windows 10): Executed 685 of 829[31m (2 FAILED)[39m (0 secs / 3.886 secs)
[1A[2KChrome Headless 139.0.0.0 (Windows 10): Executed 686 of 829[31m (2 FAILED)[39m (0 secs / 3.888 secs)
[1A[2KChrome Headless 139.0.0.0 (Windows 10): Executed 687 of 829[31m (2 FAILED)[39m (0 secs / 3.891 secs)
[1A[2KChrome Headless 139.0.0.0 (Windows 10): Executed 688 of 829[31m (2 FAILED)[39m (0 secs / 3.893 secs)
[1A[2KChrome Headless 139.0.0.0 (Windows 10): Executed 689 of 829[31m (2 FAILED)[39m (0 secs / 3.895 secs)
[1A[2KChrome Headless 139.0.0.0 (Windows 10): Executed 690 of 829[31m (2 FAILED)[39m (0 secs / 3.897 secs)
[1A[2KChrome Headless 139.0.0.0 (Windows 10): Executed 691 of 829[31m (2 FAILED)[39m (0 secs / 3.898 secs)
[1A[2KChrome Headless 139.0.0.0 (Windows 10): Executed 692 of 829[31m (2 FAILED)[39m (0 secs / 3.9 secs)
[1A[2KChrome Headless 139.0.0.0 (Windows 10): Executed 693 of 829[31m (2 FAILED)[39m (0 secs / 3.902 secs)
[1A[2KChrome Headless 139.0.0.0 (Windows 10): Executed 694 of 829[31m (2 FAILED)[39m (0 secs / 3.904 secs)
[1A[2KChrome Headless 139.0.0.0 (Windows 10): Executed 695 of 829[31m (2 FAILED)[39m (0 secs / 3.905 secs)
[1A[2KChrome Headless 139.0.0.0 (Windows 10): Executed 696 of 829[31m (2 FAILED)[39m (0 secs / 3.906 secs)
[1A[2KChrome Headless 139.0.0.0 (Windows 10): Executed 697 of 829[31m (2 FAILED)[39m (0 secs / 3.908 secs)
[1A[2KChrome Headless 139.0.0.0 (Windows 10): Executed 698 of 829[31m (2 FAILED)[39m (0 secs / 3.91 secs)
[1A[2KChrome Headless 139.0.0.0 (Windows 10): Executed 699 of 829[31m (2 FAILED)[39m (0 secs / 3.911 secs)
[1A[2KChrome Headless 139.0.0.0 (Windows 10): Executed 700 of 829[31m (2 FAILED)[39m (0 secs / 3.911 secs)
[1A[2KChrome Headless 139.0.0.0 (Windows 10): Executed 701 of 829[31m (2 FAILED)[39m (0 secs / 3.912 secs)
[1A[2KChrome Headless 139.0.0.0 (Windows 10): Executed 702 of 829[31m (2 FAILED)[39m (0 secs / 3.925 secs)
[1A[2KChrome Headless 139.0.0.0 (Windows 10): Executed 703 of 829[31m (2 FAILED)[39m (0 secs / 3.936 secs)
[1A[2KChrome Headless 139.0.0.0 (Windows 10): Executed 704 of 829[31m (2 FAILED)[39m (0 secs / 3.939 secs)
[1A[2KChrome Headless 139.0.0.0 (Windows 10): Executed 705 of 829[31m (2 FAILED)[39m (0 secs / 3.942 secs)
[1A[2KChrome Headless 139.0.0.0 (Windows 10): Executed 706 of 829[31m (2 FAILED)[39m (0 secs / 3.945 secs)
[1A[2KChrome Headless 139.0.0.0 (Windows 10): Executed 707 of 829[31m (2 FAILED)[39m (0 secs / 3.947 secs)
[1A[2KChrome Headless 139.0.0.0 (Windows 10): Executed 708 of 829[31m (2 FAILED)[39m (0 secs / 3.949 secs)
[1A[2KChrome Headless 139.0.0.0 (Windows 10): Executed 709 of 829[31m (2 FAILED)[39m (0 secs / 3.951 secs)
[1A[2KChrome Headless 139.0.0.0 (Windows 10): Executed 710 of 829[31m (2 FAILED)[39m (0 secs / 3.953 secs)
[1A[2KChrome Headless 139.0.0.0 (Windows 10): Executed 711 of 829[31m (2 FAILED)[39m (0 secs / 3.954 secs)
[1A[2KChrome Headless 139.0.0.0 (Windows 10): Executed 712 of 829[31m (2 FAILED)[39m (0 secs / 3.956 secs)
[1A[2KChrome Headless 139.0.0.0 (Windows 10): Executed 713 of 829[31m (2 FAILED)[39m (0 secs / 3.959 secs)
[1A[2KChrome Headless 139.0.0.0 (Windows 10): Executed 714 of 829[31m (2 FAILED)[39m (0 secs / 3.962 secs)
[1A[2KChrome Headless 139.0.0.0 (Windows 10): Executed 715 of 829[31m (2 FAILED)[39m (0 secs / 3.964 secs)
[1A[2KChrome Headless 139.0.0.0 (Windows 10): Executed 716 of 829[31m (2 FAILED)[39m (0 secs / 3.966 secs)
[1A[2KChrome Headless 139.0.0.0 (Windows 10): Executed 717 of 829[31m (2 FAILED)[39m (0 secs / 3.967 secs)
[1A[2KChrome Headless 139.0.0.0 (Windows 10): Executed 718 of 829[31m (2 FAILED)[39m (0 secs / 3.968 secs)
[1A[2KChrome Headless 139.0.0.0 (Windows 10): Executed 719 of 829[31m (2 FAILED)[39m (0 secs / 3.971 secs)
[1A[2KChrome Headless 139.0.0.0 (Windows 10): Executed 720 of 829[31m (2 FAILED)[39m (0 secs / 3.973 secs)
[1A[2KChrome Headless 139.0.0.0 (Windows 10): Executed 721 of 829[31m (2 FAILED)[39m (0 secs / 3.975 secs)
[1A[2KChrome Headless 139.0.0.0 (Windows 10): Executed 722 of 829[31m (2 FAILED)[39m (0 secs / 3.978 secs)
[1A[2KChrome Headless 139.0.0.0 (Windows 10): Executed 723 of 829[31m (2 FAILED)[39m (0 secs / 3.98 secs)
[1A[2KChrome Headless 139.0.0.0 (Windows 10): Executed 724 of 829[31m (2 FAILED)[39m (0 secs / 3.984 secs)
[1A[2KChrome Headless 139.0.0.0 (Windows 10): Executed 725 of 829[31m (2 FAILED)[39m (0 secs / 3.987 secs)
[1A[2KChrome Headless 139.0.0.0 (Windows 10): Executed 726 of 829[31m (2 FAILED)[39m (0 secs / 3.996 secs)
[1A[2KChrome Headless 139.0.0.0 (Windows 10): Executed 727 of 829[31m (2 FAILED)[39m (0 secs / 3.998 secs)
[1A[2KChrome Headless 139.0.0.0 (Windows 10): Executed 728 of 829[31m (2 FAILED)[39m (0 secs / 4 secs)
[1A[2KChrome Headless 139.0.0.0 (Windows 10): Executed 729 of 829[31m (2 FAILED)[39m (0 secs / 4.002 secs)
[1A[2KChrome Headless 139.0.0.0 (Windows 10): Executed 730 of 829[31m (2 FAILED)[39m (0 secs / 4.005 secs)
[1A[2KChrome Headless 139.0.0.0 (Windows 10): Executed 731 of 829[31m (2 FAILED)[39m (0 secs / 4.007 secs)
[1A[2KChrome Headless 139.0.0.0 (Windows 10): Executed 732 of 829[31m (2 FAILED)[39m (0 secs / 4.008 secs)
[1A[2KChrome Headless 139.0.0.0 (Windows 10): Executed 733 of 829[31m (2 FAILED)[39m (0 secs / 4.009 secs)
[1A[2KChrome Headless 139.0.0.0 (Windows 10): Executed 734 of 829[31m (2 FAILED)[39m (0 secs / 4.011 secs)
[1A[2KChrome Headless 139.0.0.0 (Windows 10): Executed 735 of 829[31m (2 FAILED)[39m (0 secs / 4.013 secs)
[1A[2KChrome Headless 139.0.0.0 (Windows 10): Executed 736 of 829[31m (2 FAILED)[39m (0 secs / 4.015 secs)
[1A[2KChrome Headless 139.0.0.0 (Windows 10): Executed 737 of 829[31m (2 FAILED)[39m (0 secs / 4.016 secs)
[1A[2KChrome Headless 139.0.0.0 (Windows 10): Executed 738 of 829[31m (2 FAILED)[39m (0 secs / 4.018 secs)
[1A[2KChrome Headless 139.0.0.0 (Windows 10): Executed 739 of 829[31m (2 FAILED)[39m (0 secs / 4.02 secs)
[1A[2KChrome Headless 139.0.0.0 (Windows 10): Executed 740 of 829[31m (2 FAILED)[39m (0 secs / 4.022 secs)
[1A[2KChrome Headless 139.0.0.0 (Windows 10): Executed 741 of 829[31m (2 FAILED)[39m (0 secs / 4.024 secs)
[1A[2KChrome Headless 139.0.0.0 (Windows 10): Executed 742 of 829[31m (2 FAILED)[39m (0 secs / 4.025 secs)
[1A[2KChrome Headless 139.0.0.0 (Windows 10): Executed 743 of 829[31m (2 FAILED)[39m (0 secs / 4.026 secs)
[1A[2KChrome Headless 139.0.0.0 (Windows 10): Executed 744 of 829[31m (2 FAILED)[39m (0 secs / 4.027 secs)
[1A[2KChrome Headless 139.0.0.0 (Windows 10): Executed 745 of 829[31m (2 FAILED)[39m (0 secs / 4.029 secs)
[1A[2KChrome Headless 139.0.0.0 (Windows 10): Executed 746 of 829[31m (2 FAILED)[39m (0 secs / 4.03 secs)
[1A[2KChrome Headless 139.0.0.0 (Windows 10): Executed 747 of 829[31m (2 FAILED)[39m (0 secs / 4.031 secs)
[1A[2KChrome Headless 139.0.0.0 (Windows 10): Executed 748 of 829[31m (2 FAILED)[39m (0 secs / 4.032 secs)
[1A[2KChrome Headless 139.0.0.0 (Windows 10): Executed 749 of 829[31m (2 FAILED)[39m (0 secs / 4.033 secs)
[1A[2KChrome Headless 139.0.0.0 (Windows 10): Executed 750 of 829[31m (2 FAILED)[39m (0 secs / 4.034 secs)
[1A[2KChrome Headless 139.0.0.0 (Windows 10): Executed 751 of 829[31m (2 FAILED)[39m (0 secs / 4.035 secs)
[1A[2KChrome Headless 139.0.0.0 (Windows 10): Executed 752 of 829[31m (2 FAILED)[39m (0 secs / 4.037 secs)
[1A[2KChrome Headless 139.0.0.0 (Windows 10): Executed 753 of 829[31m (2 FAILED)[39m (0 secs / 4.039 secs)
[1A[2KChrome Headless 139.0.0.0 (Windows 10): Executed 754 of 829[31m (2 FAILED)[39m (0 secs / 4.041 secs)
[1A[2KChrome Headless 139.0.0.0 (Windows 10): Executed 755 of 829[31m (2 FAILED)[39m (0 secs / 4.042 secs)
[1A[2KChrome Headless 139.0.0.0 (Windows 10): Executed 756 of 829[31m (2 FAILED)[39m (0 secs / 4.044 secs)
[1A[2KChrome Headless 139.0.0.0 (Windows 10): Executed 757 of 829[31m (2 FAILED)[39m (0 secs / 4.046 secs)
[1A[2KChrome Headless 139.0.0.0 (Windows 10): Executed 758 of 829[31m (2 FAILED)[39m (0 secs / 4.048 secs)
[1A[2KChrome Headless 139.0.0.0 (Windows 10): Executed 759 of 829[31m (2 FAILED)[39m (0 secs / 4.049 secs)
[1A[2KChrome Headless 139.0.0.0 (Windows 10): Executed 760 of 829[31m (2 FAILED)[39m (0 secs / 4.05 secs)
[1A[2KChrome Headless 139.0.0.0 (Windows 10): Executed 761 of 829[31m (2 FAILED)[39m (0 secs / 4.052 secs)
[1A[2KChrome Headless 139.0.0.0 (Windows 10): Executed 762 of 829[31m (2 FAILED)[39m (0 secs / 4.054 secs)
[1A[2KChrome Headless 139.0.0.0 (Windows 10): Executed 763 of 829[31m (2 FAILED)[39m (0 secs / 4.056 secs)
[1A[2KChrome Headless 139.0.0.0 (Windows 10): Executed 764 of 829[31m (2 FAILED)[39m (0 secs / 4.058 secs)
[1A[2KChrome Headless 139.0.0.0 (Windows 10): Executed 765 of 829[31m (2 FAILED)[39m (0 secs / 4.06 secs)
[1A[2KChrome Headless 139.0.0.0 (Windows 10): Executed 766 of 829[31m (2 FAILED)[39m (0 secs / 4.061 secs)
[1A[2KChrome Headless 139.0.0.0 (Windows 10): Executed 767 of 829[31m (2 FAILED)[39m (0 secs / 4.063 secs)
[1A[2KChrome Headless 139.0.0.0 (Windows 10): Executed 768 of 829[31m (2 FAILED)[39m (0 secs / 4.066 secs)
[1A[2KChrome Headless 139.0.0.0 (Windows 10): Executed 769 of 829[31m (2 FAILED)[39m (0 secs / 4.068 secs)
[1A[2KChrome Headless 139.0.0.0 (Windows 10): Executed 770 of 829[31m (2 FAILED)[39m (0 secs / 4.07 secs)
[1A[2KChrome Headless 139.0.0.0 (Windows 10): Executed 771 of 829[31m (2 FAILED)[39m (0 secs / 4.071 secs)
[1A[2KChrome Headless 139.0.0.0 (Windows 10): Executed 772 of 829[31m (2 FAILED)[39m (0 secs / 4.072 secs)
[1A[2KChrome Headless 139.0.0.0 (Windows 10): Executed 773 of 829[31m (2 FAILED)[39m (0 secs / 4.073 secs)
[1A[2KChrome Headless 139.0.0.0 (Windows 10): Executed 774 of 829[31m (2 FAILED)[39m (0 secs / 4.075 secs)
[1A[2KChrome Headless 139.0.0.0 (Windows 10): Executed 775 of 829[31m (2 FAILED)[39m (0 secs / 4.076 secs)
[1A[2KChrome Headless 139.0.0.0 (Windows 10): Executed 776 of 829[31m (2 FAILED)[39m (0 secs / 4.078 secs)
[1A[2KChrome Headless 139.0.0.0 (Windows 10): Executed 777 of 829[31m (2 FAILED)[39m (0 secs / 4.079 secs)
[1A[2KChrome Headless 139.0.0.0 (Windows 10): Executed 778 of 829[31m (2 FAILED)[39m (0 secs / 4.079 secs)
[1A[2KChrome Headless 139.0.0.0 (Windows 10): Executed 779 of 829[31m (2 FAILED)[39m (0 secs / 4.08 secs)
[1A[2KChrome Headless 139.0.0.0 (Windows 10): Executed 780 of 829[31m (2 FAILED)[39m (0 secs / 4.081 secs)
[1A[2KChrome Headless 139.0.0.0 (Windows 10): Executed 781 of 829[31m (2 FAILED)[39m (0 secs / 4.082 secs)
[1A[2KChrome Headless 139.0.0.0 (Windows 10): Executed 782 of 829[31m (2 FAILED)[39m (0 secs / 4.083 secs)
[1A[2KChrome Headless 139.0.0.0 (Windows 10): Executed 783 of 829[31m (2 FAILED)[39m (0 secs / 4.084 secs)
[1A[2KChrome Headless 139.0.0.0 (Windows 10): Executed 784 of 829[31m (2 FAILED)[39m (0 secs / 4.085 secs)
[1A[2KChrome Headless 139.0.0.0 (Windows 10): Executed 785 of 829[31m (2 FAILED)[39m (0 secs / 4.085 secs)
[1A[2KChrome Headless 139.0.0.0 (Windows 10): Executed 786 of 829[31m (2 FAILED)[39m (0 secs / 4.086 secs)
[1A[2KChrome Headless 139.0.0.0 (Windows 10): Executed 787 of 829[31m (2 FAILED)[39m (0 secs / 4.086 secs)
[1A[2KChrome Headless 139.0.0.0 (Windows 10): Executed 788 of 829[31m (2 FAILED)[39m (0 secs / 4.087 secs)
[1A[2KChrome Headless 139.0.0.0 (Windows 10): Executed 789 of 829[31m (2 FAILED)[39m (0 secs / 4.088 secs)
[1A[2KChrome Headless 139.0.0.0 (Windows 10): Executed 790 of 829[31m (2 FAILED)[39m (0 secs / 4.089 secs)
[1A[2KChrome Headless 139.0.0.0 (Windows 10): Executed 791 of 829[31m (2 FAILED)[39m (0 secs / 4.09 secs)
[1A[2KChrome Headless 139.0.0.0 (Windows 10): Executed 792 of 829[31m (2 FAILED)[39m (0 secs / 4.09 secs)
[1A[2KChrome Headless 139.0.0.0 (Windows 10): Executed 793 of 829[31m (2 FAILED)[39m (0 secs / 4.09 secs)
[1A[2KChrome Headless 139.0.0.0 (Windows 10): Executed 794 of 829[31m (2 FAILED)[39m (0 secs / 4.091 secs)
[1A[2KChrome Headless 139.0.0.0 (Windows 10): Executed 795 of 829[31m (2 FAILED)[39m (0 secs / 4.091 secs)
[1A[2KChrome Headless 139.0.0.0 (Windows 10): Executed 796 of 829[31m (2 FAILED)[39m (0 secs / 4.091 secs)
[1A[2KChrome Headless 139.0.0.0 (Windows 10): Executed 797 of 829[31m (2 FAILED)[39m (0 secs / 4.1 secs)
[1A[2KChrome Headless 139.0.0.0 (Windows 10): Executed 798 of 829[31m (2 FAILED)[39m (0 secs / 4.102 secs)
[1A[2KChrome Headless 139.0.0.0 (Windows 10): Executed 799 of 829[31m (2 FAILED)[39m (0 secs / 4.104 secs)
[1A[2KChrome Headless 139.0.0.0 (Windows 10): Executed 800 of 829[31m (2 FAILED)[39m (0 secs / 4.105 secs)
[1A[2KChrome Headless 139.0.0.0 (Windows 10): Executed 801 of 829[31m (2 FAILED)[39m (0 secs / 4.106 secs)
[1A[2KChrome Headless 139.0.0.0 (Windows 10): Executed 802 of 829[31m (2 FAILED)[39m (0 secs / 4.107 secs)
[1A[2KChrome Headless 139.0.0.0 (Windows 10): Executed 803 of 829[31m (2 FAILED)[39m (0 secs / 4.108 secs)
[1A[2KChrome Headless 139.0.0.0 (Windows 10): Executed 804 of 829[31m (2 FAILED)[39m (0 secs / 4.109 secs)
[1A[2KChrome Headless 139.0.0.0 (Windows 10): Executed 805 of 829[31m (2 FAILED)[39m (0 secs / 4.11 secs)
[1A[2KChrome Headless 139.0.0.0 (Windows 10): Executed 806 of 829[31m (2 FAILED)[39m (0 secs / 4.111 secs)
[1A[2KChrome Headless 139.0.0.0 (Windows 10): Executed 807 of 829[31m (2 FAILED)[39m (0 secs / 4.112 secs)
[1A[2KChrome Headless 139.0.0.0 (Windows 10): Executed 808 of 829[31m (2 FAILED)[39m (0 secs / 4.113 secs)
[1A[2KChrome Headless 139.0.0.0 (Windows 10): Executed 809 of 829[31m (2 FAILED)[39m (0 secs / 4.114 secs)
[1A[2KChrome Headless 139.0.0.0 (Windows 10): Executed 810 of 829[31m (2 FAILED)[39m (0 secs / 4.116 secs)
[1A[2KChrome Headless 139.0.0.0 (Windows 10): Executed 811 of 829[31m (2 FAILED)[39m (0 secs / 4.118 secs)
[1A[2KChrome Headless 139.0.0.0 (Windows 10): Executed 812 of 829[31m (2 FAILED)[39m (0 secs / 4.12 secs)
[1A[2KChrome Headless 139.0.0.0 (Windows 10): Executed 813 of 829[31m (2 FAILED)[39m (0 secs / 4.122 secs)
[1A[2KChrome Headless 139.0.0.0 (Windows 10): Executed 814 of 829[31m (2 FAILED)[39m (0 secs / 4.125 secs)
[1A[2KChrome Headless 139.0.0.0 (Windows 10): Executed 815 of 829[31m (2 FAILED)[39m (0 secs / 4.126 secs)
[1A[2KChrome Headless 139.0.0.0 (Windows 10): Executed 816 of 829[31m (2 FAILED)[39m (0 secs / 4.127 secs)
[1A[2KChrome Headless 139.0.0.0 (Windows 10): Executed 817 of 829[31m (2 FAILED)[39m (0 secs / 4.128 secs)
[1A[2KChrome Headless 139.0.0.0 (Windows 10): Executed 818 of 829[31m (2 FAILED)[39m (0 secs / 4.13 secs)
[1A[2KChrome Headless 139.0.0.0 (Windows 10): Executed 819 of 829[31m (2 FAILED)[39m (0 secs / 4.131 secs)
[1A[2KChrome Headless 139.0.0.0 (Windows 10): Executed 820 of 829[31m (2 FAILED)[39m (0 secs / 4.132 secs)
[1A[2KChrome Headless 139.0.0.0 (Windows 10): Executed 821 of 829[31m (2 FAILED)[39m (0 secs / 4.134 secs)
[1A[2KChrome Headless 139.0.0.0 (Windows 10): Executed 822 of 829[31m (2 FAILED)[39m (0 secs / 4.136 secs)
[1A[2KChrome Headless 139.0.0.0 (Windows 10): Executed 823 of 829[31m (2 FAILED)[39m (0 secs / 4.137 secs)
[1A[2KChrome Headless 139.0.0.0 (Windows 10): Executed 824 of 829[31m (2 FAILED)[39m (0 secs / 4.138 secs)
[1A[2KChrome Headless 139.0.0.0 (Windows 10): Executed 825 of 829[31m (2 FAILED)[39m (0 secs / 4.139 secs)
[1A[2KChrome Headless 139.0.0.0 (Windows 10): Executed 826 of 829[31m (2 FAILED)[39m (0 secs / 4.14 secs)
[1A[2KChrome Headless 139.0.0.0 (Windows 10): Executed 827 of 829[31m (2 FAILED)[39m (0 secs / 4.142 secs)
[1A[2KChrome Headless 139.0.0.0 (Windows 10): Executed 828 of 829[31m (2 FAILED)[39m (0 secs / 4.143 secs)
[1A[2KChrome Headless 139.0.0.0 (Windows 10): Executed 829 of 829[31m (2 FAILED)[39m (0 secs / 4.144 secs)
[1A[2KChrome Headless 139.0.0.0 (Windows 10): Executed 829 of 829[31m (2 FAILED)[39m (4.555 secs / 4.144 secs)
[31mTOTAL: 2 FAILED, 827 SUCCESS[39m

=============================== Coverage summary ===============================
Statements   : 87.43% ( 1106/1265 )
Branches     : 82.36% ( 467/567 )
Functions    : 86.61% ( 246/284 )
Lines        : 87.11% ( 1048/1203 )
================================================================================
